resident resources registers=106 local=0 shared=7904 dynamic=87984 nodes=892 programs=60 levels=14/27/34
resident plans=5 sparse retries=0 dense=19 terms=879 metadata=1
resident breakdown value=524882938 ad=287248935 factor_prepare=158607842 forward=724825898 residual=563647152
resident chord iterations=7435 refreshes=847
resident expression cache hits=6695
resident n=185 fill=885 expression=968887237 factor=1025895589 triangular=1784678366 total=5471847508
resident resources registers=106 local=0 shared=7904 dynamic=87984 nodes=892 programs=60 levels=14/27/34
resident plans=5 sparse retries=0 dense=19 terms=879 metadata=1
resident breakdown value=539709892 ad=292247913 factor_prepare=159225835 forward=724359678 residual=563275679
resident chord iterations=7424 refreshes=844
resident expression cache hits=6697
resident n=185 fill=885 expression=992496020 factor=1026083761 triangular=1783086732 total=5501304370
resident resources registers=106 local=0 shared=7904 dynamic=87984 nodes=892 programs=60 levels=14/27/34
resident plans=5 sparse retries=0 dense=20 terms=879 metadata=1
resident breakdown value=534243311 ad=289889591 factor_prepare=159284660 forward=722904223 residual=563341902
resident chord iterations=7421 refreshes=846
resident expression cache hits=6694
resident n=185 fill=885 expression=979063348 factor=1026757236 triangular=1780311201 total=5473106449
resident resources registers=106 local=0 shared=7904 dynamic=87984 nodes=892 programs=60 levels=14/27/34
resident plans=5 sparse retries=0 dense=20 terms=879 metadata=1
resident breakdown value=532514796 ad=291372242 factor_prepare=159791057 forward=726959962 residual=565646085
resident chord iterations=7446 refreshes=863
resident expression cache hits=6694
resident n=185 fill=885 expression=977596000 factor=1031914241 triangular=1789584324 total=5497761499
resident resources registers=106 local=0 shared=7904 dynamic=87984 nodes=892 programs=60 levels=14/27/34
resident plans=5 sparse retries=0 dense=20 terms=879 metadata=1
resident breakdown value=530036774 ad=291158048 factor_prepare=159321947 forward=726376939 residual=565674136
resident chord iterations=7461 refreshes=860
resident expression cache hits=6694
resident n=185 fill=885 expression=986120301 factor=1029168516 triangular=1789027748 total=5505314090
resident resources registers=106 local=0 shared=7904 dynamic=87984 nodes=892 programs=60 levels=14/27/34
resident plans=5 sparse retries=0 dense=19 terms=879 metadata=1
resident breakdown value=535233549 ad=288572057 factor_prepare=158254987 forward=722342565 residual=563194455
resident chord iterations=7424 refreshes=844
resident expression cache hits=6697
resident n=185 fill=885 expression=981428195 factor=1023751735 triangular=1779224615 total=5472815565
resident resources registers=106 local=0 shared=7904 dynamic=87984 nodes=892 programs=60 levels=14/27/34
resident plans=5 sparse retries=0 dense=19 terms=879 metadata=1
resident breakdown value=529606123 ad=287268131 factor_prepare=158556345 forward=723887362 residual=563633189
resident chord iterations=7435 refreshes=847
resident expression cache hits=6695
resident n=185 fill=885 expression=974249683 factor=1025230355 triangular=1782863545 total=5467465516
resident resources registers=106 local=0 shared=7904 dynamic=87984 nodes=892 programs=60 levels=14/27/34
resident plans=5 sparse retries=0 dense=20 terms=879 metadata=1
resident breakdown value=544119031 ad=292610050 factor_prepare=159420076 forward=724313622 residual=564019739
resident chord iterations=7432 refreshes=851
resident expression cache hits=6696
resident n=185 fill=885 expression=990262837 factor=1026329536 triangular=1784082303 total=5489870212
resident resources registers=106 local=0 shared=7904 dynamic=87984 nodes=892 programs=60 levels=14/27/34
resident plans=5 sparse retries=0 dense=20 terms=879 metadata=1
resident breakdown value=544759031 ad=295729618 factor_prepare=159283444 forward=722856825 residual=563381208
resident chord iterations=7421 refreshes=846
resident expression cache hits=6694
resident n=185 fill=885 expression=998964220 factor=1025960969 triangular=1780459619 total=5494509668
resident resources registers=106 local=0 shared=7904 dynamic=87984 nodes=892 programs=60 levels=14/27/34
resident plans=5 sparse retries=0 dense=20 terms=879 metadata=1
resident breakdown value=538708312 ad=291131530 factor_prepare=158603825 forward=724893071 residual=564170427
resident chord iterations=7448 refreshes=852
resident expression cache hits=6692
resident n=185 fill=885 expression=987898075 factor=1025972060 triangular=1785093661 total=5483486906
resident resources registers=106 local=0 shared=7904 dynamic=87984 nodes=892 programs=60 levels=14/27/34
resident plans=5 sparse retries=0 dense=19 terms=879 metadata=1
resident breakdown value=537120581 ad=292447464 factor_prepare=159105129 forward=723384036 residual=563657464
resident chord iterations=7435 refreshes=847
resident expression cache hits=6695
resident n=185 fill=885 expression=986148371 factor=1024929831 triangular=1781849918 total=5477358008
resident resources registers=106 local=0 shared=7904 dynamic=87984 nodes=892 programs=60 levels=14/27/34
resident plans=5 sparse retries=0 dense=20 terms=879 metadata=1
resident breakdown value=521025445 ad=288219886 factor_prepare=158678151 forward=723228418 residual=563823750
resident chord iterations=7432 refreshes=851
resident expression cache hits=6696
resident n=185 fill=885 expression=967392913 factor=1026806306 triangular=1781611636 total=5461663201
resident resources registers=106 local=0 shared=7904 dynamic=87984 nodes=892 programs=60 levels=14/27/34
resident plans=5 sparse retries=0 dense=20 terms=879 metadata=1
resident breakdown value=540467538 ad=293942457 factor_prepare=160147842 forward=724662495 residual=565437112
resident chord iterations=7461 refreshes=860
resident expression cache hits=6694
resident n=185 fill=885 expression=990022335 factor=1028750938 triangular=1784737976 total=5496888589
resident resources registers=106 local=0 shared=7904 dynamic=87984 nodes=892 programs=60 levels=14/27/34
resident plans=5 sparse retries=0 dense=19 terms=879 metadata=1
resident breakdown value=542854913 ad=293702394 factor_prepare=158836450 forward=723558863 residual=563544977
resident chord iterations=7435 refreshes=847
resident expression cache hits=6695
resident n=185 fill=885 expression=993487631 factor=1024045624 triangular=1781721961 total=5483842170
resident resources registers=106 local=0 shared=7904 dynamic=87984 nodes=892 programs=60 levels=14/27/34
resident plans=5 sparse retries=0 dense=19 terms=879 metadata=1
resident breakdown value=523503093 ad=288801599 factor_prepare=159103900 forward=724288037 residual=563453299
resident chord iterations=7435 refreshes=847
resident expression cache hits=6695
resident n=185 fill=885 expression=973494995 factor=1025962676 triangular=1782667410 total=5463584168
resident resources registers=106 local=0 shared=7904 dynamic=87984 nodes=892 programs=60 levels=14/27/34
resident plans=5 sparse retries=0 dense=20 terms=879 metadata=1
resident breakdown value=541113898 ad=291823144 factor_prepare=159272778 forward=724913879 residual=563921288
resident chord iterations=7432 refreshes=851
resident expression cache hits=6696
resident n=185 fill=885 expression=990171349 factor=1027789796 triangular=1783855089 total=5481494913
