resident resources registers=106 local=0 shared=7904 dynamic=87984 nodes=892 programs=60 levels=14/27/34
resident plans=5 sparse retries=0 dense=20 terms=879 metadata=1
resident breakdown value=534078131 ad=291576913 factor_prepare=159057905 forward=725220774 residual=563365670
resident chord iterations=7421 refreshes=846
resident expression cache hits=6694
resident n=185 fill=885 expression=985015239 factor=1027578733 triangular=1784796089 total=5478355560
resident resources registers=106 local=0 shared=7904 dynamic=87984 nodes=892 programs=60 levels=14/27/34
resident plans=5 sparse retries=0 dense=20 terms=879 metadata=1
resident breakdown value=537211197 ad=293638083 factor_prepare=159368116 forward=723917818 residual=563303815
resident chord iterations=7421 refreshes=846
resident expression cache hits=6694
resident n=185 fill=885 expression=987122411 factor=1026884209 triangular=1781121563 total=5478499969
resident resources registers=106 local=0 shared=7904 dynamic=87984 nodes=892 programs=60 levels=14/27/34
resident plans=5 sparse retries=0 dense=20 terms=879 metadata=1
resident breakdown value=538265853 ad=292042484 factor_prepare=158954206 forward=723224446 residual=563134706
resident chord iterations=7421 refreshes=846
resident expression cache hits=6694
resident n=185 fill=885 expression=986944297 factor=1026462118 triangular=1780672129 total=5475559254
resident resources registers=106 local=0 shared=7904 dynamic=87984 nodes=892 programs=60 levels=14/27/34
resident plans=5 sparse retries=0 dense=19 terms=879 metadata=1
resident breakdown value=533378462 ad=290953803 factor_prepare=159158036 forward=722588969 residual=563213983
resident chord iterations=7424 refreshes=844
resident expression cache hits=6697
resident n=185 fill=885 expression=983270179 factor=1025394974 triangular=1779320431 total=5488001215
