INFO: Options provided by the client:
  Inherited 'common' options: --isatty=0 --terminal_columns=80
INFO: Reading rc options for 'run' from /home/adam/code/ohmnivore/.bazelrc:
  Inherited 'common' options: --announce_rc --repo_env=BAZEL_DO_NOT_DETECT_CPP_TOOLCHAIN=1 --repo_env=BAZEL_NO_APPLE_CPP_TOOLCHAIN=1
INFO: Reading rc options for 'run' from /home/adam/code/ohmnivore/.bazelrc:
  Inherited 'build' options: --cxxopt=-std=c++20 --spawn_strategy=sandboxed
Computing main repo mapping: 
Loading: 
Loading: 0 packages loaded
WARNING: Build options --@@rules_cuda+//cuda:archs, --@@rules_cuda+//cuda:runtime, --compilation_mode, and 2 more have changed, discarding analysis cache (this can be expensive, see https://bazel.build/advanced/performance/iteration-speed).
Analyzing: target @@ruff_prebuilt+//:ruff (0 packages loaded, 0 targets configured)
Analyzing: target @@ruff_prebuilt+//:ruff (0 packages loaded, 0 targets configured)

INFO: Analyzed target @@ruff_prebuilt+//:ruff (1 packages loaded, 1091 targets configured).
INFO: Found 1 target...
Target @@ruff_prebuilt+//:ruff up-to-date:
  bazel-bin/external/ruff_prebuilt+/ruff
INFO: Elapsed time: 0.265s, Critical Path: 0.01s
INFO: 1 process: 5 action cache hit, 1 internal.
INFO: Build completed successfully, 1 total action
INFO: Running command line: bazel-bin/external/ruff_prebuilt+/ruff <args omitted>
2 files left unchanged
