resident resources registers=106 local=0 shared=7904 dynamic=87984 nodes=892 programs=60 levels=14/27/34
resident plans=5 sparse retries=0 dense=20 terms=879 metadata=1
resident breakdown value=548101278 ad=294665356 factor_prepare=159111016 forward=726495234 residual=563936845
resident chord iterations=7432 refreshes=851
resident expression cache hits=6696
resident n=185 fill=885 expression=1000574072 factor=1030408117 triangular=1787091226 total=5504047948
resident resources registers=106 local=0 shared=7904 dynamic=87984 nodes=892 programs=60 levels=14/27/34
resident plans=5 sparse retries=0 dense=20 terms=879 metadata=1
resident breakdown value=542554387 ad=293160158 factor_prepare=159604953 forward=727315030 residual=565704613
resident chord iterations=7461 refreshes=860
resident expression cache hits=6694
resident n=185 fill=885 expression=990589351 factor=1031150216 triangular=1791295568 total=5509781332
resident resources registers=106 local=0 shared=7904 dynamic=87984 nodes=892 programs=60 levels=14/27/34
resident plans=5 sparse retries=0 dense=20 terms=879 metadata=1
resident breakdown value=535567857 ad=292636691 factor_prepare=159216451 forward=726785876 residual=564257511
resident chord iterations=7432 refreshes=851
resident expression cache hits=6696
resident n=185 fill=885 expression=984696905 factor=1028837611 triangular=1788975360 total=5496012182
resident resources registers=106 local=0 shared=7904 dynamic=87984 nodes=892 programs=60 levels=14/27/34
resident plans=5 sparse retries=0 dense=19 terms=879 metadata=1
resident breakdown value=537673821 ad=290966526 factor_prepare=159580174 forward=726638257 residual=563872953
resident chord iterations=7435 refreshes=847
resident expression cache hits=6695
resident n=185 fill=885 expression=988240648 factor=1028156367 triangular=1787271637 total=5491087941
Collecting data...
Generating '/home/adam/emi03-work/tmp/nsys-adam/nsys-report-7dd6.qdstrm'
[1/1] [0%                          ] systems-shared-owners-75.nsys-rep[1/1] [0%                          ] systems-shared-owners-75.nsys-rep[1/1] [1%                          ] systems-shared-owners-75.nsys-rep[1/1] [2%                          ] systems-shared-owners-75.nsys-rep[1/1] [5%                          ] systems-shared-owners-75.nsys-rep[1/1] [7%                          ] systems-shared-owners-75.nsys-rep[1/1] [8%                          ] systems-shared-owners-75.nsys-rep[1/1] [11%                         ] systems-shared-owners-75.nsys-rep[1/1] [14%                         ] systems-shared-owners-75.nsys-rep[1/1] [=17%                        ] systems-shared-owners-75.nsys-rep[1/1] [==19%                       ] systems-shared-owners-75.nsys-rep[1/1] [==20%                       ] systems-shared-owners-75.nsys-rep[1/1] [=======================93%  ] systems-shared-owners-75.nsys-rep[1/1] [=======================96%  ] systems-shared-owners-75.nsys-rep[1/1] [========================98% ] systems-shared-owners-75.nsys-rep[1/1] [========================100%] systems-shared-owners-75.nsys-rep[1/1] [========================100%] systems-shared-owners-75.nsys-rep
Generated:
	/home/adam/emi03-work/systems-shared-owners-75.nsys-rep
