nominal done
fast_low_lc done
hot_high_c done
{
  "integration_failed_bins": 0,
  "waveform_failed": 0,
  "sampling_failed_bins": 0,
  "sampling_waveform_failed": 0,
  "physical_failed": 0,
  "all_predicted_feasible": true,
  "min_margin_db": 10.071196017460906
}
nominal-integration-1 a 0 0.71317960560596 0.6671314552804672 3020000.0 [18.511204143610385, 17.05201437179681]
nominal-integration-1 b 0 0.7126691952909175 0.6672632022020433 3020000.0 [18.517384625490347, 17.058710056708343]
nominal-integration-1 cm 0 0.7129243441683182 0.6671974038968658 3020000.0 [18.514294205292362, 17.05536206862703]
nominal-integration-1 dm 0 0.00011257171564970467 0.00020417845436809052 180000.0 [14.047638620150346, 14.04782068290888]
nominal-integration-2 a 0 0.1478564574744498 0.21230408458346134 3020000.0 [17.052012548836895, 16.76419950974445]
nominal-integration-2 b 0 0.14772422187940215 0.21233790306738276 3020000.0 [17.058708084651922, 16.771037358144998]
nominal-integration-2 cm 0 0.14779032122305047 0.21232100754460675 3020000.0 [17.055360171114103, 16.76761830085614]
nominal-integration-2 dm 0 0.0001091361429831233 0.0005098960808274201 170000.0 [16.645426400313845, 16.645217255793398]
fast_low_lc-integration-1 a 0 0.32151786251573006 0.28873428206131113 2930000.0 [23.51734063534633, 24.404173439626067]
fast_low_lc-integration-1 b 0 0.3296019872086683 0.2890940587991563 2810000.0 [12.182760211025627, 12.65394072009955]
fast_low_lc-integration-1 cm 0 0.3215493839344853 0.2889154912355267 2930000.0 [23.51443506815911, 24.401246857133156]
fast_low_lc-integration-1 dm 0 0.00022088508786960554 0.0001949821131079328 180000.0 [13.261753615433298, 13.261416368877311]
fast_low_lc-integration-2 a 0 0.05435138507216776 0.028739223372646127 2930000.0 [24.40418685975216, 24.55737323640976]
fast_low_lc-integration-2 b 0 0.054357498858905944 0.028791616614202774 2930000.0 [24.39833990595774, 24.551506862179178]
fast_low_lc-integration-2 cm 0 0.05435445685494868 0.028765422065748156 2930000.0 [24.401260372863327, 24.554437063533108]
fast_low_lc-integration-2 dm 0 0.00027810370269424684 0.00036908574330403405 170000.0 [15.366875067955569, 15.36736709047135]
hot_high_c-integration-1 a 0 0.4613572905887298 0.0797336037087242 2580000.0 [43.52481951968786, 45.89917119036809]
hot_high_c-integration-1 b 0 0.46135067626093146 0.07964940207661128 2580000.0 [43.52789231399737, 45.902376655950526]
hot_high_c-integration-1 cm 0 0.4613539844211094 0.07969143511245909 2580000.0 [43.52635588110644, 45.90077389135211]
hot_high_c-integration-1 dm 0 5.044397585693579e-05 7.828423605940724e-05 170000.0 [12.01514695938764, 12.015077180695021]
hot_high_c-integration-2 a 0 0.1265231010327474 0.03848707611206569 2580000.0 [45.89916159168315, 46.572645448911736]
hot_high_c-integration-2 b 0 0.12652901940794803 0.03850114266351463 2580000.0 [45.9023671122203, 46.575929740241875]
hot_high_c-integration-2 cm 0 0.12652606070236858 0.03849410812807895 2580000.0 [45.90076432014336, 46.57428756432957]
hot_high_c-integration-2 dm 0 0.000395644818082973 0.0003118272233918547 170000.0 [12.015077157036098, 12.015624459785968]
probe11-nominal predicted_feasible 15.646817564976857 b {'frequency_hz': 2950000.0, 'amplitude_a': 0.005219863204910978, 'level_dbua': 74.35318243502314, 'margin_db': 15.646817564976857}
probe17-nominal predicted_feasible 15.664845693592767 b {'frequency_hz': 2950000.0, 'amplitude_a': 0.0052090402752169186, 'level_dbua': 74.33515430640723, 'margin_db': 15.664845693592767}
probe18-nominal predicted_feasible 15.669638481314607 b {'frequency_hz': 2950000.0, 'amplitude_a': 0.005206166771334952, 'level_dbua': 74.3303615186854, 'margin_db': 15.669638481314607}
probe11-fast_low_lc predicted_feasible 10.071196017460906 a {'frequency_hz': 2850000.0, 'amplitude_a': 0.009918367572877965, 'level_dbua': 79.9288039825391, 'margin_db': 10.071196017460906}
probe17-fast_low_lc predicted_feasible 10.09531828098281 a {'frequency_hz': 2850000.0, 'amplitude_a': 0.009890860711886206, 'level_dbua': 79.90468171901719, 'margin_db': 10.09531828098281}
probe18-fast_low_lc predicted_feasible 10.102245717843218 a {'frequency_hz': 2850000.0, 'amplitude_a': 0.009882975394459793, 'level_dbua': 79.89775428215678, 'margin_db': 10.102245717843218}
probe11-hot_high_c predicted_feasible 15.838587860578286 b {'frequency_hz': 2650000.0, 'amplitude_a': 0.005105880038898534, 'level_dbua': 74.16141213942171, 'margin_db': 15.838587860578286}
probe17-hot_high_c predicted_feasible 15.826344993248 b {'frequency_hz': 2650000.0, 'amplitude_a': 0.005113081913429265, 'level_dbua': 74.173655006752, 'margin_db': 15.826344993248}
probe18-hot_high_c predicted_feasible 15.822837109114644 b {'frequency_hz': 2650000.0, 'amplitude_a': 0.005115147300164426, 'level_dbua': 74.17716289088536, 'margin_db': 15.822837109114644}
