nominal done
fast_low_lc done
hot_high_c done
{
  "integration_failed_bins": 0,
  "waveform_failed": 0,
  "sampling_failed_bins": 0,
  "sampling_waveform_failed": 0,
  "physical_failed": 0,
  "all_predicted_feasible": false,
  "min_margin_db": 5.5166047760596655
}
nominal-integration-1 a 0 0.6556783645776116 0.7480409126383474 3020000.0 [19.742263352855755, 18.306824690432194]
nominal-integration-1 b 0 0.6554467021793924 0.7487814710264754 3020000.0 [19.747435547855915, 18.312109218651123]
nominal-integration-1 cm 0 0.6555625145690059 0.7484137087358078 3020000.0 [19.744849438744975, 18.30946694981643]
nominal-integration-1 dm 0 8.80220311432262e-05 0.0004712588144750795 220000.0 [12.22998165453872, 12.229857717623064]
nominal-integration-2 a 0 0.12904606447714004 0.26578832525749796 3020000.0 [18.30681506688438, 18.03684159327537]
nominal-integration-2 b 0 0.12898928899089207 0.2659218199518498 3020000.0 [18.31209909077031, 18.042165625412593]
nominal-integration-2 cm 0 0.12901767198488923 0.2658557980266284 3020000.0 [18.309457074091153, 18.039503605937146]
nominal-integration-2 dm 0 0.000496271199473687 0.0019757123236742963 180000.0 [22.086036639961733, 22.084774782945697]
fast_low_lc-integration-1 a 0 0.2571708566167602 0.2561747004339743 2930000.0 [25.709985916388945, 26.482585407306228]
fast_low_lc-integration-1 b 0 0.256378417859753 0.2562203646025665 2930000.0 [25.788121721903217, 26.560645922727378]
fast_low_lc-integration-1 cm 0 0.25677405734241915 0.25621722135933367 2930000.0 [25.74905018492019, 26.521611959104714]
fast_low_lc-integration-1 dm 0 0.0021127108503840725 0.001146915474016485 230000.0 [10.670743001388184, 10.67333881338317]
fast_low_lc-integration-2 a 0 0.039790262157346205 0.03156584086243328 2930000.0 [26.48256441204672, 26.604159958024482]
fast_low_lc-integration-2 b 0 0.0396262506566418 0.03168141104887768 2930000.0 [26.560622770261876, 26.682072894120484]
fast_low_lc-integration-2 cm 0 0.03970813006205383 0.031624612056618824 2930000.0 [26.521589885175505, 26.64311268454766]
fast_low_lc-integration-2 dm 0 0.002307789938246478 0.002266743087319909 170000.0 [26.735467666593454, 26.728365153215027]
hot_high_c-integration-1 a 0 0.3570481069780208 0.0618847357707158 2580000.0 [48.470376479501255, 50.50435143132196]
hot_high_c-integration-1 b 0 0.35679502011773995 0.0644588827644232 2580000.0 [48.47263225839072, 50.505230242277584]
hot_high_c-integration-1 cm 0 0.356921582314374 0.06311860799699645 2580000.0 [48.47150276247476, 50.50478928382091]
hot_high_c-integration-1 dm 0 0.0006593948207011159 0.0005695283554108354 170000.0 [27.351367511706183, 27.353443986935286]
hot_high_c-integration-2 a 0 0.0848615414476627 0.037303762844542177 2580000.0 [50.50434927454838, 51.00019737610848]
hot_high_c-integration-2 b 0 0.08478870630499667 0.037400678084162864 2580000.0 [50.505227956817755, 51.000657019675195]
hot_high_c-integration-2 cm 0 0.08482512621162167 0.03735222063454685 2580000.0 [50.50478706272709, 51.000425644819465]
hot_high_c-integration-2 dm 0 0.0016277351311637354 0.0020252258626688203 180000.0 [25.030060909499095, 25.034751980761445]
probe19_l0-nominal predicted_feasible 8.121843041876218 a {'frequency_hz': 150000.0, 'amplitude_a': 0.012413888717759624, 'level_dbua': 81.87815695812378, 'margin_db': 8.121843041876218}
probe19_l1-nominal predicted_feasible 8.121842406617503 a {'frequency_hz': 150000.0, 'amplitude_a': 0.012413889625672523, 'level_dbua': 81.8781575933825, 'margin_db': 8.121842406617503}
probe19_l2-nominal predicted_feasible 8.121851810141933 a {'frequency_hz': 150000.0, 'amplitude_a': 0.012413876186145185, 'level_dbua': 81.87814818985807, 'margin_db': 8.121851810141933}
probe19_l0-fast_low_lc predicted_infeasible 5.5166047760596655 a {'frequency_hz': 150000.0, 'amplitude_a': 0.01675597721757838, 'level_dbua': 84.48339522394033, 'margin_db': 5.5166047760596655}
probe19_l1-fast_low_lc predicted_infeasible 5.51660644287503 a {'frequency_hz': 150000.0, 'amplitude_a': 0.01675597400211987, 'level_dbua': 84.48339355712497, 'margin_db': 5.51660644287503}
probe19_l2-fast_low_lc predicted_infeasible 5.516619035489455 a {'frequency_hz': 150000.0, 'amplitude_a': 0.016755949709689803, 'level_dbua': 84.48338096451054, 'margin_db': 5.516619035489455}
probe19_l0-hot_high_c predicted_feasible 10.681722396260497 a {'frequency_hz': 150000.0, 'amplitude_a': 0.009245148261363004, 'level_dbua': 79.3182776037395, 'margin_db': 10.681722396260497}
probe19_l1-hot_high_c predicted_feasible 10.681725000037432 a {'frequency_hz': 150000.0, 'amplitude_a': 0.009245145489937021, 'level_dbua': 79.31827499996257, 'margin_db': 10.681725000037432}
probe19_l2-hot_high_c predicted_feasible 10.681708753100764 a {'frequency_hz': 150000.0, 'amplitude_a': 0.009245162782976659, 'level_dbua': 79.31829124689924, 'margin_db': 10.681708753100764}
