resident resources registers=106 local=0 shared=7904 dynamic=87912 nodes=892 programs=60 levels=14/27/33
resident plans=5 sparse retries=0 dense=14 terms=876 metadata=1
resident breakdown value=6720363998 ad=3409800444 factor_prepare=1855866133 forward=8165884907 residual=7531486135
resident chord iterations=118469 refreshes=4260
resident expression cache hits=94222
resident n=185 fill=883 expression=12392541959 factor=10737537690 triangular=17754440140 total=62085865193
resident resources registers=106 local=0 shared=7904 dynamic=87880 nodes=892 programs=60 levels=14/27/33
resident plans=5 sparse retries=0 dense=14 terms=874 metadata=1
resident breakdown value=7022802948 ad=3466944520 factor_prepare=1871950886 forward=8132655418 residual=7515658814
resident chord iterations=117587 refreshes=3437
resident expression cache hits=92808
resident n=185 fill=882 expression=12753146135 factor=10752456880 triangular=17663600773 total=62341862071
resident resources registers=106 local=0 shared=7904 dynamic=87912 nodes=892 programs=60 levels=14/27/33
resident plans=5 sparse retries=0 dense=19 terms=876 metadata=1
resident breakdown value=7255959191 ad=3611043686 factor_prepare=1954970618 forward=8427528050 residual=7787600550
resident chord iterations=120693 refreshes=3646
resident expression cache hits=94551
resident n=185 fill=883 expression=13208803891 factor=11271177178 triangular=18326581759 total=64837446605
resident resources registers=106 local=0 shared=7904 dynamic=87984 nodes=892 programs=60 levels=14/27/34
resident plans=5 sparse retries=0 dense=19 terms=879 metadata=1
resident breakdown value=8736923513 ad=4322532419 factor_prepare=2549515008 forward=10264787912 residual=9536733925
resident chord iterations=136249 refreshes=3665
resident expression cache hits=129450
resident n=185 fill=885 expression=15865183268 factor=14979183311 triangular=22375679447 total=80407628205
resident resources registers=106 local=0 shared=7904 dynamic=87952 nodes=892 programs=60 levels=14/27/34
resident plans=5 sparse retries=0 dense=14 terms=877 metadata=1
resident breakdown value=8748310238 ad=4274063654 factor_prepare=2599729430 forward=10379983790 residual=9674252097
resident chord iterations=137794 refreshes=3424
resident expression cache hits=134793
resident n=185 fill=884 expression=15860153998 factor=15135317018 triangular=22591546518 total=80824456618
resident resources registers=106 local=0 shared=7904 dynamic=87984 nodes=892 programs=60 levels=14/27/34
resident plans=5 sparse retries=0 dense=14 terms=879 metadata=1
resident breakdown value=10936372548 ad=5215244362 factor_prepare=3315473166 forward=12745456526 residual=11901256443
resident chord iterations=164233 refreshes=4304
resident expression cache hits=178794
resident n=185 fill=885 expression=19652239107 factor=19219260214 triangular=27758715909 total=100608014373
resident resources registers=106 local=0 shared=7904 dynamic=88280 nodes=892 programs=60 levels=14/29/35
resident plans=7 sparse retries=0 dense=23 terms=905 metadata=1
resident breakdown value=13211483629 ad=6662091136 factor_prepare=4032904051 forward=14921842141 residual=13612628975
resident chord iterations=173432 refreshes=4131
resident expression cache hits=167748
resident n=185 fill=893 expression=24077450669 factor=24264315677 triangular=33412887732 total=119955248984
resident resources registers=106 local=0 shared=7904 dynamic=88280 nodes=892 programs=60 levels=14/29/35
resident plans=7 sparse retries=0 dense=26 terms=905 metadata=1
resident breakdown value=13230874060 ad=6758866007 factor_prepare=4020787315 forward=14997733145 residual=13677566911
resident chord iterations=175531 refreshes=3611
resident expression cache hits=163816
resident n=185 fill=893 expression=24295164732 factor=24350781565 triangular=33634089003 total=120863295030
resident resources registers=106 local=0 shared=7904 dynamic=88352 nodes=892 programs=60 levels=15/29/35
resident plans=7 sparse retries=0 dense=23 terms=912 metadata=1
resident breakdown value=15335229227 ad=7792333402 factor_prepare=4608062554 forward=17677625858 residual=15587710848
resident chord iterations=199629 refreshes=3947
resident expression cache hits=184888
resident n=185 fill=895 expression=28049765583 factor=27769189217 triangular=38971829284 total=139017511496
resident resources registers=106 local=0 shared=7904 dynamic=87912 nodes=892 programs=60 levels=14/27/33
resident plans=5 sparse retries=0 dense=14 terms=876 metadata=1
resident breakdown value=7022437842 ad=3483753545 factor_prepare=1859773830 forward=8151269417 residual=7547249008
resident chord iterations=118275 refreshes=4260
resident expression cache hits=94174
resident n=185 fill=883 expression=12759789242 factor=10730089946 triangular=17702393497 total=62284490261
resident resources registers=106 local=0 shared=7904 dynamic=87880 nodes=892 programs=60 levels=14/27/33
resident plans=5 sparse retries=0 dense=14 terms=874 metadata=1
resident breakdown value=7109312104 ad=3501171497 factor_prepare=1877278139 forward=8155534968 residual=7511609862
resident chord iterations=117535 refreshes=3438
resident expression cache hits=92800
resident n=185 fill=882 expression=12902713648 factor=10770091887 triangular=17704146459 total=62689352722
resident resources registers=106 local=0 shared=7904 dynamic=87984 nodes=892 programs=60 levels=14/27/34
resident plans=5 sparse retries=0 dense=20 terms=879 metadata=1
resident breakdown value=7238336900 ad=3602043442 factor_prepare=1933101394 forward=8378462186 residual=7765278050
resident chord iterations=120473 refreshes=3709
resident expression cache hits=94953
resident n=185 fill=885 expression=13101896978 factor=11313193806 triangular=18274819338 total=64456543324
resident resources registers=106 local=0 shared=7904 dynamic=87912 nodes=892 programs=60 levels=14/27/33
resident plans=5 sparse retries=0 dense=20 terms=876 metadata=1
resident breakdown value=7284112161 ad=3614732640 factor_prepare=1964220677 forward=8420963023 residual=7815463277
resident chord iterations=120766 refreshes=3651
resident expression cache hits=94582
resident n=185 fill=883 expression=13237972416 factor=11322575995 triangular=18324599702 total=64668371841
resident resources registers=106 local=0 shared=7904 dynamic=87984 nodes=892 programs=60 levels=14/27/34
resident plans=5 sparse retries=0 dense=14 terms=879 metadata=1
resident breakdown value=7725769943 ad=3760686382 factor_prepare=2160718970 forward=8939050940 residual=8291414571
resident chord iterations=122369 refreshes=4428
resident expression cache hits=108326
resident n=185 fill=885 expression=13883544896 factor=12614321016 triangular=19492840210 total=69242771491
resident resources registers=106 local=0 shared=7904 dynamic=87952 nodes=892 programs=60 levels=14/27/34
resident plans=5 sparse retries=0 dense=14 terms=877 metadata=1
resident breakdown value=10273515914 ad=4977424025 factor_prepare=3124990613 forward=12192323346 residual=11313835043
resident chord iterations=156966 refreshes=3343
resident expression cache hits=167723
resident n=185 fill=884 expression=18515626031 factor=18190225923 triangular=26463026399 total=95553630049
resident resources registers=106 local=0 shared=7904 dynamic=88280 nodes=892 programs=60 levels=14/29/35
resident plans=7 sparse retries=0 dense=23 terms=905 metadata=1
resident breakdown value=12887346587 ad=6549532981 factor_prepare=3977420694 forward=14757239755 residual=13460095096
resident chord iterations=171797 refreshes=4123
resident expression cache hits=164789
resident n=185 fill=893 expression=23622801055 factor=23942692913 triangular=33058075788 total=118537977324
resident resources registers=106 local=0 shared=7904 dynamic=88280 nodes=892 programs=60 levels=14/29/35
resident plans=7 sparse retries=0 dense=26 terms=905 metadata=1
resident breakdown value=13311704912 ad=6688769274 factor_prepare=4051660199 forward=14977471370 residual=13622530550
resident chord iterations=174702 refreshes=3605
resident expression cache hits=163553
resident n=185 fill=893 expression=24209990269 factor=24335402090 triangular=33585329421 total=120350025014
resident resources registers=106 local=0 shared=7904 dynamic=88352 nodes=892 programs=60 levels=15/29/35
resident plans=7 sparse retries=0 dense=23 terms=912 metadata=1
resident breakdown value=15099322575 ad=7697079625 factor_prepare=4637868589 forward=17719850443 residual=15582369095
resident chord iterations=199757 refreshes=3950
resident expression cache hits=184580
resident n=185 fill=895 expression=27835239582 factor=27772352976 triangular=38975745347 total=138483727792
