resident resources registers=106 local=0 shared=7904 dynamic=87984 nodes=892 programs=60 levels=14/27/34
resident plans=5 sparse retries=0 dense=19 terms=879 metadata=1
resident breakdown value=542406530 ad=291746140 factor_prepare=159041285 forward=725268890 residual=563379883
resident chord iterations=7435 refreshes=847
resident expression cache hits=6695
resident n=185 fill=885 expression=992984987 factor=1028491770 triangular=1784173703 total=5500707033
resident resources registers=106 local=0 shared=7904 dynamic=87984 nodes=892 programs=60 levels=14/27/34
resident plans=5 sparse retries=0 dense=20 terms=879 metadata=1
resident breakdown value=545700661 ad=294791232 factor_prepare=158610988 forward=724373428 residual=562558491
resident chord iterations=7421 refreshes=846
resident expression cache hits=6694
resident n=185 fill=885 expression=999952370 factor=1028768158 triangular=1782142485 total=5495798323
resident resources registers=106 local=0 shared=7904 dynamic=87984 nodes=892 programs=60 levels=14/27/34
resident plans=5 sparse retries=0 dense=20 terms=879 metadata=1
resident breakdown value=543523469 ad=293193819 factor_prepare=159068726 forward=724481689 residual=562450519
resident chord iterations=7421 refreshes=846
resident expression cache hits=6694
resident n=185 fill=885 expression=992096206 factor=1030088004 triangular=1782206356 total=5494512968
resident resources registers=106 local=0 shared=7904 dynamic=87984 nodes=892 programs=60 levels=14/27/34
resident plans=5 sparse retries=0 dense=20 terms=879 metadata=1
resident breakdown value=541725866 ad=293936220 factor_prepare=158934546 forward=725935175 residual=563375030
resident chord iterations=7448 refreshes=852
resident expression cache hits=6692
resident n=185 fill=885 expression=992387257 factor=1029266407 triangular=1785141991 total=5501351913
resident resources registers=106 local=0 shared=7904 dynamic=87984 nodes=892 programs=60 levels=14/27/34
resident plans=5 sparse retries=0 dense=20 terms=879 metadata=1
resident breakdown value=543449410 ad=296139886 factor_prepare=159283572 forward=725780044 residual=563073841
resident chord iterations=7432 refreshes=851
resident expression cache hits=6696
resident n=185 fill=885 expression=996818427 factor=1030188000 triangular=1784702106 total=5512891930
resident resources registers=106 local=0 shared=7904 dynamic=87984 nodes=892 programs=60 levels=14/27/34
resident plans=5 sparse retries=0 dense=20 terms=879 metadata=1
resident breakdown value=527168298 ad=289406663 factor_prepare=158622140 forward=725266265 residual=562528087
resident chord iterations=7421 refreshes=846
resident expression cache hits=6694
resident n=185 fill=885 expression=977979828 factor=1030395449 triangular=1783391562 total=5496958120
resident resources registers=106 local=0 shared=7904 dynamic=87984 nodes=892 programs=60 levels=14/27/34
resident plans=5 sparse retries=0 dense=20 terms=879 metadata=1
resident breakdown value=552632070 ad=295774166 factor_prepare=159571299 forward=725383089 residual=563221400
resident chord iterations=7432 refreshes=851
resident expression cache hits=6696
resident n=185 fill=885 expression=1003427525 factor=1030592745 triangular=1784381669 total=5516175571
resident resources registers=106 local=0 shared=7904 dynamic=87984 nodes=892 programs=60 levels=14/27/34
resident plans=5 sparse retries=0 dense=20 terms=879 metadata=1
resident breakdown value=537806163 ad=293362896 factor_prepare=158929920 forward=725479367 residual=563170621
resident chord iterations=7432 refreshes=851
resident expression cache hits=6696
resident n=185 fill=885 expression=990525107 factor=1029514340 triangular=1784348497 total=5499987758
resident resources registers=106 local=0 shared=7904 dynamic=87984 nodes=892 programs=60 levels=14/27/34
resident plans=5 sparse retries=0 dense=20 terms=879 metadata=1
resident breakdown value=542571255 ad=294598858 factor_prepare=159831063 forward=724843474 residual=562525198
resident chord iterations=7421 refreshes=846
resident expression cache hits=6694
resident n=185 fill=885 expression=995094335 factor=1030372478 triangular=1783367785 total=5493387894
resident resources registers=106 local=0 shared=7904 dynamic=87984 nodes=892 programs=60 levels=14/27/34
resident plans=5 sparse retries=0 dense=20 terms=879 metadata=1
resident breakdown value=549191480 ad=297489029 factor_prepare=158898386 forward=724688176 residual=562660604
resident chord iterations=7421 refreshes=846
resident expression cache hits=6694
resident n=185 fill=885 expression=1007979762 factor=1028163895 triangular=1782868635 total=5513148486
resident resources registers=106 local=0 shared=7904 dynamic=87984 nodes=892 programs=60 levels=14/27/34
resident plans=5 sparse retries=0 dense=20 terms=879 metadata=1
resident breakdown value=541009777 ad=292768148 factor_prepare=160244138 forward=728305841 residual=565962862
resident chord iterations=7446 refreshes=867
resident expression cache hits=6699
resident n=185 fill=885 expression=988020149 factor=1034545088 triangular=1792607639 total=5516203996
resident resources registers=106 local=0 shared=7904 dynamic=87984 nodes=892 programs=60 levels=14/27/34
resident plans=5 sparse retries=0 dense=20 terms=879 metadata=1
resident breakdown value=531164628 ad=289519168 factor_prepare=158990336 forward=726046613 residual=563054451
resident chord iterations=7432 refreshes=851
resident expression cache hits=6696
resident n=185 fill=885 expression=978734354 factor=1031221785 triangular=1785126377 total=5490385285
resident resources registers=106 local=0 shared=7904 dynamic=87984 nodes=892 programs=60 levels=14/27/34
resident plans=5 sparse retries=0 dense=19 terms=879 metadata=1
resident breakdown value=550923445 ad=296436966 factor_prepare=159401328 forward=725403274 residual=562728110
resident chord iterations=7435 refreshes=847
resident expression cache hits=6695
resident n=185 fill=885 expression=1007467697 factor=1029155962 triangular=1783850303 total=5504445040
resident resources registers=106 local=0 shared=7904 dynamic=87984 nodes=892 programs=60 levels=14/27/34
resident plans=5 sparse retries=0 dense=19 terms=879 metadata=1
resident breakdown value=555465299 ad=297533091 factor_prepare=159305024 forward=725361780 residual=562688139
resident chord iterations=7443 refreshes=846
resident expression cache hits=6701
resident n=185 fill=885 expression=1012955102 factor=1027700742 triangular=1783487234 total=5502957215
resident resources registers=106 local=0 shared=7904 dynamic=87984 nodes=892 programs=60 levels=14/27/34
resident plans=5 sparse retries=0 dense=20 terms=879 metadata=1
resident breakdown value=544006147 ad=294380070 factor_prepare=160006559 forward=725173692 residual=563051712
resident chord iterations=7406 refreshes=845
resident expression cache hits=6695
resident n=185 fill=885 expression=1001467389 factor=1031748583 triangular=1785028226 total=5495971330
resident resources registers=106 local=0 shared=7904 dynamic=87984 nodes=892 programs=60 levels=14/27/34
resident plans=5 sparse retries=0 dense=20 terms=879 metadata=1
resident breakdown value=531037472 ad=291513863 factor_prepare=159163612 forward=725623225 residual=563135539
resident chord iterations=7421 refreshes=846
resident expression cache hits=6694
resident n=185 fill=885 expression=983378284 factor=1028497596 triangular=1785500533 total=5490792855
