resident resources registers=106 local=0 shared=7904 dynamic=87984 nodes=892 programs=60 levels=14/27/34
resident plans=5 sparse retries=0 dense=19 terms=879 metadata=1
resident breakdown value=555255534 ad=296858270 factor_prepare=159105442 forward=725093785 residual=562916140
resident chord iterations=7424 refreshes=844
resident expression cache hits=6697
resident n=185 fill=885 expression=1010988565 factor=1026706947 triangular=1783175305 total=5511927998
resident resources registers=106 local=0 shared=7904 dynamic=87984 nodes=892 programs=60 levels=14/27/34
resident plans=5 sparse retries=0 dense=20 terms=879 metadata=1
resident breakdown value=545844936 ad=293019257 factor_prepare=159324535 forward=725193713 residual=563049029
resident chord iterations=7421 refreshes=846
resident expression cache hits=6694
resident n=185 fill=885 expression=997193574 factor=1029181797 triangular=1783359183 total=5496740147
resident resources registers=106 local=0 shared=7904 dynamic=87984 nodes=892 programs=60 levels=14/27/34
resident plans=5 sparse retries=0 dense=20 terms=879 metadata=1
resident breakdown value=539859659 ad=290562043 factor_prepare=159806263 forward=726258517 residual=563143962
resident chord iterations=7406 refreshes=845
resident expression cache hits=6695
resident n=185 fill=885 expression=986334774 factor=1030317683 triangular=1785307629 total=5479452054
resident resources registers=106 local=0 shared=7904 dynamic=87984 nodes=892 programs=60 levels=14/27/34
resident plans=5 sparse retries=0 dense=19 terms=879 metadata=1
resident breakdown value=539869715 ad=294597240 factor_prepare=158978585 forward=725034528 residual=563219643
resident chord iterations=7435 refreshes=847
resident expression cache hits=6695
resident n=185 fill=885 expression=996597430 factor=1027630106 triangular=1783535546 total=5501035467
