resident resources registers=106 local=0 shared=7904 dynamic=87984 nodes=892 programs=60 levels=14/27/34
resident plans=5 sparse retries=0 dense=20 terms=879 metadata=1
resident breakdown value=526541003 ad=289725074 factor_prepare=159775508 forward=722782134 residual=562765161
resident chord iterations=7421 refreshes=846
resident expression cache hits=6694
resident n=185 fill=885 expression=975059743 factor=1027398531 triangular=1779559607 total=5470000133
resident resources registers=106 local=0 shared=7904 dynamic=87984 nodes=892 programs=60 levels=14/27/34
resident plans=5 sparse retries=0 dense=19 terms=879 metadata=1
resident breakdown value=530358278 ad=290342614 factor_prepare=158881098 forward=720829801 residual=563056436
resident chord iterations=7413 refreshes=848
resident expression cache hits=6694
resident n=185 fill=885 expression=974333985 factor=1025153973 triangular=1777263153 total=5472584614
resident resources registers=106 local=0 shared=7904 dynamic=87984 nodes=892 programs=60 levels=14/27/34
resident plans=5 sparse retries=0 dense=20 terms=879 metadata=1
resident breakdown value=534667310 ad=290321869 factor_prepare=159617324 forward=722700280 residual=563471031
resident chord iterations=7409 refreshes=844
resident expression cache hits=6694
resident n=185 fill=885 expression=980118478 factor=1028304340 triangular=1780596850 total=5465133387
resident resources registers=106 local=0 shared=7904 dynamic=87984 nodes=892 programs=60 levels=14/27/34
resident plans=5 sparse retries=0 dense=19 terms=879 metadata=1
resident breakdown value=542255474 ad=293203011 factor_prepare=159075666 forward=722400660 residual=563397963
resident chord iterations=7435 refreshes=847
resident expression cache hits=6695
resident n=185 fill=885 expression=992615237 factor=1023353457 triangular=1779767074 total=5478304714
Collecting data...
Generating '/home/adam/emi03-work/tmp/nsys-adam/nsys-report-f078.qdstrm'
[1/1] [0%                          ] systems-shared-owners-76.nsys-rep[1/1] [0%                          ] systems-shared-owners-76.nsys-rep[1/1] [1%                          ] systems-shared-owners-76.nsys-rep[1/1] [2%                          ] systems-shared-owners-76.nsys-rep[1/1] [5%                          ] systems-shared-owners-76.nsys-rep[1/1] [7%                          ] systems-shared-owners-76.nsys-rep[1/1] [8%                          ] systems-shared-owners-76.nsys-rep[1/1] [11%                         ] systems-shared-owners-76.nsys-rep[1/1] [14%                         ] systems-shared-owners-76.nsys-rep[1/1] [=17%                        ] systems-shared-owners-76.nsys-rep[1/1] [==19%                       ] systems-shared-owners-76.nsys-rep[1/1] [==20%                       ] systems-shared-owners-76.nsys-rep[1/1] [=======================93%  ] systems-shared-owners-76.nsys-rep[1/1] [=======================96%  ] systems-shared-owners-76.nsys-rep[1/1] [========================98% ] systems-shared-owners-76.nsys-rep[1/1] [========================100%] systems-shared-owners-76.nsys-rep[1/1] [========================100%] systems-shared-owners-76.nsys-rep
Generated:
	/home/adam/emi03-work/systems-shared-owners-76.nsys-rep
