INFO: Options provided by the client:
  Inherited 'common' options: --isatty=0 --terminal_columns=80
INFO: Reading rc options for 'build' from /home/adam/code/ohmnivore/.bazelrc:
  Inherited 'common' options: --announce_rc --repo_env=BAZEL_DO_NOT_DETECT_CPP_TOOLCHAIN=1 --repo_env=BAZEL_NO_APPLE_CPP_TOOLCHAIN=1
INFO: Reading rc options for 'build' from /home/adam/code/ohmnivore/.bazelrc:
  'build' options: --cxxopt=-std=c++20 --spawn_strategy=sandboxed
INFO: Found applicable config definition build:cuda in file /home/adam/code/ohmnivore/.bazelrc: --@rules_cuda//cuda:enable=True --@rules_cuda//cuda:compiler=nvcc --@rules_cuda//cuda:archs=compute_120:compute_120,sm_120 --@rules_cuda//cuda:runtime=@cuda//:cuda_runtime_static --extra_toolchains=@ohmnivore_cuda_gcc15//:cc_toolchain --linkopt=-static-libstdc++ --linkopt=-static-libgcc
Computing main repo mapping: 
Loading: 
Loading: 0 packages loaded
Analyzing: target //cuda:emi03_resident_worker (0 packages loaded, 0 targets configured)
Analyzing: target //cuda:emi03_resident_worker (0 packages loaded, 0 targets configured)

INFO: Analyzed target //cuda:emi03_resident_worker (0 packages loaded, 0 targets configured).
[3 / 9] Compiling cuda/emi03_expression.cu; 1s linux-sandbox
[4 / 9] [Prepa] Compiling cuda/emi03_real_solver.cu
[4 / 9] Compiling cuda/emi03_real_solver.cu; 1s linux-sandbox
[5 / 9] [Prepa] Compiling cuda/emi03_resident.cu
[5 / 9] Compiling cuda/emi03_resident.cu; 1s linux-sandbox
[6 / 9] [Prepa] Linking cuda/libemi03_cuda.a
[7 / 9] Linking cuda/emi03_resident_worker; 1s linux-sandbox
[8 / 9] [Prepa] runfiles for //cuda:emi03_resident_worker
INFO: Found 1 target...
Target //cuda:emi03_resident_worker up-to-date:
  bazel-bin/cuda/emi03_resident_worker
INFO: Elapsed time: 21.744s, Critical Path: 14.80s
INFO: 7 processes: 2 action cache hit, 2 internal, 5 linux-sandbox.
INFO: Build completed successfully, 7 total actions
