INFO: Options provided by the client:
  Inherited 'common' options: --isatty=0 --terminal_columns=80
INFO: Reading rc options for 'run' from /home/adam/code/ohmnivore/.bazelrc:
  Inherited 'common' options: --announce_rc --repo_env=BAZEL_DO_NOT_DETECT_CPP_TOOLCHAIN=1 --repo_env=BAZEL_NO_APPLE_CPP_TOOLCHAIN=1
INFO: Reading rc options for 'run' from /home/adam/code/ohmnivore/.bazelrc:
  Inherited 'build' options: --cxxopt=-std=c++20 --spawn_strategy=sandboxed
Computing main repo mapping: 
Loading: 
Loading: 0 packages loaded
Analyzing: target //reference/emi02:qualification (0 packages loaded, 0 targets configured)
Analyzing: target //reference/emi02:qualification (0 packages loaded, 0 targets configured)

INFO: Analyzed target //reference/emi02:qualification (0 packages loaded, 0 targets configured).
INFO: Found 1 target...
Target //reference/emi02:qualification up-to-date:
  bazel-bin/reference/emi02/qualification
INFO: Elapsed time: 0.267s, Critical Path: 0.00s
INFO: 1 process: 1 action cache hit, 1 internal.
INFO: Build completed successfully, 1 total action
INFO: Running command line: bazel-bin/reference/emi02/qualification '--cpu=cpp/emi02_runner' '--ngspice=third_party/ngspice/ngspice_46_build/bin/ngspice' '--model-archive=../+http_file+emi01_microchip_model/file/model.zip' <args omitted>
{"audit_pass": true, "qualification_pass": true, "cpu_jobs": 30, "reference_jobs": 30}
