q0-dpt exact
q0-ensemble-light-nominal exact
q0-ensemble-light-fast_low_lc exact
q0-ensemble-light-hot_high_c exact
q0-ensemble-medium-nominal exact
q0-ensemble-medium-fast_low_lc exact
q0-ensemble-medium-hot_high_c exact
q0-ensemble-heavy-nominal exact
q0-ensemble-heavy-fast_low_lc exact
q0-ensemble-heavy-hot_high_c exact
q1-dpt exact
q1-ensemble-light-nominal exact
q1-ensemble-light-fast_low_lc exact
q1-ensemble-light-hot_high_c exact
q1-ensemble-medium-nominal exact
q1-ensemble-medium-fast_low_lc exact
q1-ensemble-medium-hot_high_c exact
q1-ensemble-heavy-nominal exact
q1-ensemble-heavy-fast_low_lc exact
q1-ensemble-heavy-hot_high_c exact
q2-dpt exact
q2-ensemble-light-nominal exact
q2-ensemble-light-fast_low_lc exact
q2-ensemble-light-hot_high_c exact
q2-ensemble-medium-nominal exact
q2-ensemble-medium-fast_low_lc exact
q2-ensemble-medium-hot_high_c exact
q2-ensemble-heavy-nominal exact
q2-ensemble-heavy-fast_low_lc exact
q2-ensemble-heavy-hot_high_c exact
