resident resources registers=106 local=0 shared=7904 dynamic=87984 nodes=892 programs=60 levels=14/27/34
resident plans=5 sparse retries=0 dense=20 terms=879 metadata=1
resident breakdown value=545722163 ad=295976299 factor_prepare=159194654 forward=725618477 residual=563350581
resident chord iterations=7432 refreshes=851
resident expression cache hits=6696
resident n=185 fill=885 expression=998374556 factor=1030130076 triangular=1784992349 total=5508746602
resident resources registers=106 local=0 shared=7904 dynamic=87984 nodes=892 programs=60 levels=14/27/34
resident plans=5 sparse retries=0 dense=19 terms=879 metadata=1
resident breakdown value=546586346 ad=294771931 factor_prepare=158731031 forward=725763434 residual=563145942
resident chord iterations=7443 refreshes=846
resident expression cache hits=6701
resident n=185 fill=885 expression=997131087 factor=1024518540 triangular=1785748919 total=5507974980
resident resources registers=106 local=0 shared=7904 dynamic=87984 nodes=892 programs=60 levels=14/27/34
resident plans=5 sparse retries=0 dense=19 terms=879 metadata=1
resident breakdown value=540902834 ad=290889820 factor_prepare=158963200 forward=725861199 residual=563448313
resident chord iterations=7424 refreshes=844
resident expression cache hits=6697
resident n=185 fill=885 expression=987833514 factor=1026378169 triangular=1786161501 total=5473363648
resident resources registers=106 local=0 shared=7904 dynamic=87984 nodes=892 programs=60 levels=14/27/34
resident plans=5 sparse retries=0 dense=20 terms=879 metadata=1
resident breakdown value=538925680 ad=292014572 factor_prepare=159474936 forward=725557487 residual=562951316
resident chord iterations=7421 refreshes=846
resident expression cache hits=6694
resident n=185 fill=885 expression=993180376 factor=1028688457 triangular=1785102683 total=5497475617
Collecting data...
Generating '/home/adam/emi03-work/tmp/nsys-adam/nsys-report-a27a.qdstrm'
[1/1] [0%                          ] systems-shared-owners-74.nsys-rep[1/1] [0%                          ] systems-shared-owners-74.nsys-rep[1/1] [1%                          ] systems-shared-owners-74.nsys-rep[1/1] [2%                          ] systems-shared-owners-74.nsys-rep[1/1] [5%                          ] systems-shared-owners-74.nsys-rep[1/1] [7%                          ] systems-shared-owners-74.nsys-rep[1/1] [10%                         ] systems-shared-owners-74.nsys-rep[1/1] [13%                         ] systems-shared-owners-74.nsys-rep[1/1] [=17%                        ] systems-shared-owners-74.nsys-rep[1/1] [==19%                       ] systems-shared-owners-74.nsys-rep[1/1] [==20%                       ] systems-shared-owners-74.nsys-rep[1/1] [=======================93%  ] systems-shared-owners-74.nsys-rep[1/1] [=======================96%  ] systems-shared-owners-74.nsys-rep[1/1] [========================98% ] systems-shared-owners-74.nsys-rep[1/1] [========================100%] systems-shared-owners-74.nsys-rep[1/1] [========================100%] systems-shared-owners-74.nsys-rep
Generated:
	/home/adam/emi03-work/systems-shared-owners-74.nsys-rep
