resident dependency mask=0 entries=182 levels=0
resident dependency mask=1 entries=254 levels=0
resident dependency mask=2 entries=138 levels=0
resident dependency mask=3 entries=399 levels=46
resident dependency mask=0 entries=199 levels=0
resident dependency mask=1 entries=244 levels=0
resident dependency mask=2 entries=143 levels=0
resident dependency mask=3 entries=298 levels=34
resident dependency mask=0 entries=199 levels=0
resident dependency mask=1 entries=244 levels=0
resident dependency mask=2 entries=145 levels=0
resident dependency mask=3 entries=299 levels=34
resident dependency mask=0 entries=196 levels=0
resident dependency mask=1 entries=235 levels=0
resident dependency mask=2 entries=147 levels=0
resident dependency mask=3 entries=325 levels=47
resident dependency mask=0 entries=196 levels=0
resident dependency mask=1 entries=255 levels=0
resident dependency mask=2 entries=139 levels=0
resident dependency mask=3 entries=295 levels=34
resident resources registers=94 local=0 shared=7904 dynamic=87984 nodes=892 programs=60 levels=14/27/34
resident plans=5 sparse retries=0 dense=19 terms=879 metadata=1
resident breakdown value=468826707 ad=247389570 factor_prepare=164763580 forward=624781465 residual=514545504
resident chord iterations=7435 refreshes=847
resident expression cache hits=6695
resident n=185 fill=885 expression=867790872 factor=1031351809 triangular=1596122614 total=4945103710
