INFO: Options provided by the client:
  Inherited 'common' options: --isatty=0 --terminal_columns=80
INFO: Reading rc options for 'run' from /home/adam/code/ohmnivore/.bazelrc:
  Inherited 'common' options: --announce_rc --repo_env=BAZEL_DO_NOT_DETECT_CPP_TOOLCHAIN=1 --repo_env=BAZEL_NO_APPLE_CPP_TOOLCHAIN=1
INFO: Reading rc options for 'run' from /home/adam/code/ohmnivore/.bazelrc:
  Inherited 'build' options: --cxxopt=-std=c++20 --spawn_strategy=sandboxed
Computing main repo mapping: 
Loading: 
Loading: 0 packages loaded
Analyzing: target //reference/emi03:ensemble (0 packages loaded, 0 targets configured)
Analyzing: target //reference/emi03:ensemble (0 packages loaded, 0 targets configured)

INFO: Analyzed target //reference/emi03:ensemble (0 packages loaded, 0 targets configured).
INFO: Found 1 target...
Target //reference/emi03:ensemble up-to-date:
  bazel-bin/reference/emi03/ensemble
INFO: Elapsed time: 0.245s, Critical Path: 0.00s
INFO: 1 process: 1 action cache hit, 1 internal.
INFO: Build completed successfully, 1 total action
INFO: Running command line: bazel-bin/reference/emi03/ensemble '--cpu=cpp/emi03_cpu_worker' '--ngspice=third_party/ngspice/ngspice_46_build/bin/ngspice' '--model-archive=../+http_file+emi01_microchip_model/file/model.zip' <args omitted>
{"job": "q0-dpt", "engine": "cpu", "status": "qualified"}
{"job": "q0-dpt", "engine": "reference", "status": "qualified"}
{"job": "q0-ensemble-light-nominal", "engine": "reference", "status": "predicted_infeasible"}
{"job": "q0-ensemble-light-fast_low_lc", "engine": "reference", "status": "predicted_infeasible"}
{"job": "q0-ensemble-light-fast_low_lc", "engine": "cpu", "status": "predicted_infeasible"}
{"job": "q0-ensemble-light-nominal", "engine": "cpu", "status": "predicted_infeasible"}
{"job": "q0-ensemble-light-hot_high_c", "engine": "reference", "status": "predicted_infeasible"}
{"job": "q0-ensemble-boundary-nominal", "engine": "reference", "status": "predicted_feasible"}
{"job": "q0-ensemble-boundary-nominal", "engine": "cpu", "status": "predicted_feasible"}
{"job": "q0-ensemble-boundary-fast_low_lc", "engine": "cpu", "status": "predicted_infeasible"}
{"job": "q0-ensemble-boundary-fast_low_lc", "engine": "reference", "status": "predicted_infeasible"}
{"job": "q0-ensemble-boundary-hot_high_c", "engine": "cpu", "status": "predicted_feasible"}
{"job": "q0-ensemble-light-hot_high_c", "engine": "cpu", "status": "predicted_infeasible"}
{"job": "q0-ensemble-boundary-hot_high_c", "engine": "reference", "status": "predicted_feasible"}
{"job": "q0-ensemble-reference-nominal", "engine": "cpu", "status": "predicted_feasible"}
{"job": "q0-ensemble-reference-nominal", "engine": "reference", "status": "predicted_feasible"}
{"job": "q0-ensemble-reference-fast_low_lc", "engine": "cpu", "status": "predicted_feasible"}
{"job": "q1-dpt", "engine": "cpu", "status": "qualified"}
{"job": "q1-dpt", "engine": "reference", "status": "qualified"}
{"job": "q0-ensemble-reference-fast_low_lc", "engine": "reference", "status": "predicted_feasible"}
{"job": "q0-ensemble-reference-hot_high_c", "engine": "reference", "status": "predicted_feasible"}
{"job": "q0-ensemble-reference-hot_high_c", "engine": "cpu", "status": "predicted_feasible"}
{"job": "q1-ensemble-light-nominal", "engine": "reference", "status": "predicted_infeasible"}
{"job": "q1-ensemble-light-fast_low_lc", "engine": "reference", "status": "predicted_infeasible"}
{"job": "q1-ensemble-light-nominal", "engine": "cpu", "status": "predicted_infeasible"}
{"job": "q1-ensemble-light-fast_low_lc", "engine": "cpu", "status": "predicted_infeasible"}
{"job": "q1-ensemble-light-hot_high_c", "engine": "reference", "status": "predicted_infeasible"}
{"job": "q1-ensemble-boundary-nominal", "engine": "cpu", "status": "predicted_feasible"}
{"job": "q1-ensemble-boundary-nominal", "engine": "reference", "status": "predicted_feasible"}
{"job": "q1-ensemble-light-hot_high_c", "engine": "cpu", "status": "predicted_infeasible"}
{"job": "q1-ensemble-boundary-fast_low_lc", "engine": "cpu", "status": "predicted_infeasible"}
{"job": "q1-ensemble-boundary-fast_low_lc", "engine": "reference", "status": "predicted_infeasible"}
{"job": "q1-ensemble-boundary-hot_high_c", "engine": "cpu", "status": "predicted_feasible"}
{"job": "q1-ensemble-boundary-hot_high_c", "engine": "reference", "status": "predicted_feasible"}
{"job": "q1-ensemble-reference-nominal", "engine": "cpu", "status": "predicted_feasible"}
{"job": "q1-ensemble-reference-nominal", "engine": "reference", "status": "predicted_feasible"}
{"job": "q1-ensemble-reference-fast_low_lc", "engine": "cpu", "status": "predicted_feasible"}
{"job": "q2-dpt", "engine": "cpu", "status": "qualified"}
{"job": "q2-dpt", "engine": "reference", "status": "qualified"}
{"job": "q1-ensemble-reference-fast_low_lc", "engine": "reference", "status": "predicted_feasible"}
{"job": "q1-ensemble-reference-hot_high_c", "engine": "cpu", "status": "predicted_feasible"}
{"job": "q1-ensemble-reference-hot_high_c", "engine": "reference", "status": "predicted_feasible"}
{"job": "q2-ensemble-light-nominal", "engine": "reference", "status": "predicted_infeasible"}
{"job": "q2-ensemble-light-fast_low_lc", "engine": "reference", "status": "predicted_infeasible"}
{"job": "q2-ensemble-light-nominal", "engine": "cpu", "status": "predicted_infeasible"}
{"job": "q2-ensemble-light-fast_low_lc", "engine": "cpu", "status": "predicted_infeasible"}
{"job": "q2-ensemble-light-hot_high_c", "engine": "reference", "status": "predicted_infeasible"}
{"job": "q2-ensemble-boundary-nominal", "engine": "cpu", "status": "predicted_feasible"}
{"job": "q2-ensemble-light-hot_high_c", "engine": "cpu", "status": "predicted_infeasible"}
{"job": "q2-ensemble-boundary-nominal", "engine": "reference", "status": "predicted_feasible"}
{"job": "q2-ensemble-boundary-fast_low_lc", "engine": "cpu", "status": "predicted_infeasible"}
{"job": "q2-ensemble-boundary-fast_low_lc", "engine": "reference", "status": "predicted_infeasible"}
{"job": "q2-ensemble-boundary-hot_high_c", "engine": "cpu", "status": "predicted_feasible"}
{"job": "q2-ensemble-boundary-hot_high_c", "engine": "reference", "status": "predicted_feasible"}
{"job": "q2-ensemble-reference-nominal", "engine": "cpu", "status": "predicted_feasible"}
{"job": "q2-ensemble-reference-fast_low_lc", "engine": "cpu", "status": "predicted_feasible"}
{"job": "q2-ensemble-reference-nominal", "engine": "reference", "status": "predicted_feasible"}
{"job": "q2-ensemble-reference-hot_high_c", "engine": "cpu", "status": "predicted_feasible"}
{"job": "q2-ensemble-reference-fast_low_lc", "engine": "reference", "status": "predicted_feasible"}
{"job": "q2-ensemble-reference-hot_high_c", "engine": "reference", "status": "predicted_feasible"}
{"job": "q0-ensemble-light-fast_low_lc", "status": "resource_limit"}
{"job": "q0-ensemble-boundary-nominal", "status": "resource_limit"}
{"job": "q0-ensemble-boundary-fast_low_lc", "status": "resource_limit"}
{"job": "q0-ensemble-boundary-hot_high_c", "status": "resource_limit"}
{"job": "q0-ensemble-reference-nominal", "status": "resource_limit"}
{"job": "q0-ensemble-reference-fast_low_lc", "status": "resource_limit"}
{"job": "q0-ensemble-reference-hot_high_c", "status": "resource_limit"}
{"job": "q1-dpt", "status": "resource_limit"}
{"job": "q1-ensemble-light-nominal", "status": "resource_limit"}
{"job": "q1-ensemble-light-fast_low_lc", "status": "resource_limit"}
{"job": "q1-ensemble-light-hot_high_c", "status": "resource_limit"}
{"job": "q1-ensemble-boundary-nominal", "status": "resource_limit"}
{"job": "q1-ensemble-boundary-fast_low_lc", "status": "resource_limit"}
{"job": "q0-dpt", "status": "resource_limit"}
{"job": "q1-ensemble-boundary-hot_high_c", "status": "resource_limit"}
{"job": "q1-ensemble-reference-nominal", "status": "resource_limit"}
{"job": "q1-ensemble-reference-fast_low_lc", "status": "resource_limit"}
{"job": "q1-ensemble-reference-hot_high_c", "status": "resource_limit"}
{"job": "q2-ensemble-light-nominal", "status": "resource_limit"}
{"job": "q2-dpt", "status": "resource_limit"}
{"job": "q2-ensemble-light-fast_low_lc", "status": "resource_limit"}
{"job": "q2-ensemble-light-hot_high_c", "status": "resource_limit"}
{"job": "q2-ensemble-boundary-nominal", "status": "resource_limit"}
{"job": "q2-ensemble-boundary-fast_low_lc", "status": "resource_limit"}
{"job": "q2-ensemble-boundary-hot_high_c", "status": "resource_limit"}
{"job": "q2-ensemble-reference-nominal", "status": "resource_limit"}
{"job": "q2-ensemble-reference-fast_low_lc", "status": "resource_limit"}
{"job": "q0-ensemble-light-nominal", "status": "resource_limit"}
{"job": "q2-ensemble-reference-hot_high_c", "status": "resource_limit"}
{"job": "q0-ensemble-light-hot_high_c", "status": "resource_limit"}
{"qualification_pass": false, "performance_pass": false, "output": "/home/adam/code/ohmnivore/docs/evidence/emi03/run-2"}
