INFO: Options provided by the client:
  Inherited 'common' options: --isatty=0 --terminal_columns=80
INFO: Reading rc options for 'run' from /home/adam/code/ohmnivore/.bazelrc:
  Inherited 'common' options: --announce_rc --repo_env=BAZEL_DO_NOT_DETECT_CPP_TOOLCHAIN=1 --repo_env=BAZEL_NO_APPLE_CPP_TOOLCHAIN=1
INFO: Reading rc options for 'run' from /home/adam/code/ohmnivore/.bazelrc:
  Inherited 'build' options: --cxxopt=-std=c++20 --spawn_strategy=sandboxed
Computing main repo mapping: 
Loading: 
Loading: 0 packages loaded
WARNING: Build option --compilation_mode has changed, discarding analysis cache (this can be expensive, see https://bazel.build/advanced/performance/iteration-speed).
Analyzing: target //reference/emi03:ensemble (1 packages loaded, 0 targets configured)
Analyzing: target //reference/emi03:ensemble (1 packages loaded, 0 targets configured)

INFO: Analyzed target //reference/emi03:ensemble (21 packages loaded, 22499 targets configured, 101 aspect applications).
[924 / 976] Compiling KLU/Source/klu_free_numeric.c; 1s linux-sandbox ... (32 actions, 31 running)
INFO: From Compiling KLU/Source/klu_z_sort.c:
In file included from external/+http_archive+suitesparse_7_12_3/KLU/Source/klu_z_sort.c:10:
external/+http_archive+suitesparse_7_12_3/KLU/Source/klu_sort.c:107:9: warning: variable 'n' set but not used [-Wunused-but-set-variable]
  107 |     Int n, nk, nz, block, nblocks, maxblock, k1 ;
      |         ^
1 warning generated.
INFO: From Compiling KLU/Source/klu_kernel.c:
external/+http_archive+suitesparse_7_12_3/KLU/Source/klu_kernel.c:543:17: warning: variable 'Ux' set but not used [-Wunused-but-set-variable]
  543 |     Entry *Lx, *Ux ;
      |                 ^
1 warning generated.
INFO: From Compiling KLU/Source/klu_z_diagnostics.c:
In file included from external/+http_archive+suitesparse_7_12_3/KLU/Source/klu_z_diagnostics.c:10:
external/+http_archive+suitesparse_7_12_3/KLU/Source/klu_diagnostics.c:43:14: warning: variable 'Ui' set but not used [-Wunused-but-set-variable]
   43 |     Int *Q, *Ui, *Uip, *Ulen, *Pinv ;
      |              ^
1 warning generated.
INFO: From Compiling KLU/Source/klu_z_kernel.c:
In file included from external/+http_archive+suitesparse_7_12_3/KLU/Source/klu_z_kernel.c:10:
external/+http_archive+suitesparse_7_12_3/KLU/Source/klu_kernel.c:543:17: warning: variable 'Ux' set but not used [-Wunused-but-set-variable]
  543 |     Entry *Lx, *Ux ;
      |                 ^
1 warning generated.
INFO: From Compiling KLU/Source/klu_diagnostics.c:
external/+http_archive+suitesparse_7_12_3/KLU/Source/klu_diagnostics.c:43:14: warning: variable 'Ui' set but not used [-Wunused-but-set-variable]
   43 |     Int *Q, *Ui, *Uip, *Ulen, *Pinv ;
      |              ^
1 warning generated.
INFO: From Compiling KLU/Source/klu_sort.c:
external/+http_archive+suitesparse_7_12_3/KLU/Source/klu_sort.c:107:9: warning: variable 'n' set but not used [-Wunused-but-set-variable]
  107 |     Int n, nk, nz, block, nblocks, maxblock, k1 ;
      |         ^
1 warning generated.
[974 / 976] Foreign Cc - Configure: Building ngspice_46_build; 2s linux-sandbox
[974 / 976] Foreign Cc - Configure: Building ngspice_46_build; 11s linux-sandbox
[974 / 976] Foreign Cc - Configure: Building ngspice_46_build; 41s linux-sandbox
[975 / 976] [Prepa] runfiles for //reference/emi03:ensemble
INFO: Found 1 target...
Target //reference/emi03:ensemble up-to-date:
  bazel-bin/reference/emi03/ensemble
INFO: Elapsed time: 49.673s, Critical Path: 49.18s
INFO: 53 processes: 923 action cache hit, 2 internal, 51 linux-sandbox.
INFO: Build completed successfully, 53 total actions
INFO: Running command line: bazel-bin/reference/emi03/ensemble '--cpu=cpp/emi03_cpu_worker' '--ngspice=third_party/ngspice/ngspice_46_build/bin/ngspice' '--model-archive=../+http_file+emi01_microchip_model/file/model.zip' <args omitted>
{"job": "q0-dpt", "engine": "cpu", "status": "qualified"}
{"job": "q0-dpt", "engine": "reference", "status": "qualified"}
{"job": "q0-ensemble-light-nominal", "engine": "reference", "status": "predicted_infeasible"}
{"job": "q0-ensemble-light-fast_low_lc", "engine": "reference", "status": "predicted_infeasible"}
{"job": "q0-ensemble-light-fast_low_lc", "engine": "cpu", "status": "predicted_infeasible"}
{"job": "q0-ensemble-light-nominal", "engine": "cpu", "status": "predicted_infeasible"}
{"job": "q0-ensemble-light-hot_high_c", "engine": "reference", "status": "predicted_infeasible"}
{"job": "q0-ensemble-boundary-nominal", "engine": "reference", "status": "predicted_feasible"}
{"job": "q0-ensemble-boundary-nominal", "engine": "cpu", "status": "predicted_feasible"}
{"job": "q0-ensemble-boundary-fast_low_lc", "engine": "cpu", "status": "predicted_infeasible"}
{"job": "q0-ensemble-boundary-fast_low_lc", "engine": "reference", "status": "predicted_infeasible"}
{"job": "q0-ensemble-boundary-hot_high_c", "engine": "cpu", "status": "predicted_feasible"}
{"job": "q0-ensemble-light-hot_high_c", "engine": "cpu", "status": "predicted_infeasible"}
{"job": "q0-ensemble-boundary-hot_high_c", "engine": "reference", "status": "predicted_feasible"}
{"job": "q0-ensemble-reference-nominal", "engine": "cpu", "status": "predicted_feasible"}
{"job": "q0-ensemble-reference-nominal", "engine": "reference", "status": "predicted_feasible"}
{"job": "q0-ensemble-reference-fast_low_lc", "engine": "cpu", "status": "predicted_feasible"}
{"job": "q1-dpt", "engine": "cpu", "status": "qualified"}
{"job": "q1-dpt", "engine": "reference", "status": "qualified"}
{"job": "q0-ensemble-reference-fast_low_lc", "engine": "reference", "status": "predicted_feasible"}
{"job": "q0-ensemble-reference-hot_high_c", "engine": "reference", "status": "predicted_feasible"}
{"job": "q0-ensemble-reference-hot_high_c", "engine": "cpu", "status": "predicted_feasible"}
{"job": "q1-ensemble-light-nominal", "engine": "reference", "status": "predicted_infeasible"}
{"job": "q1-ensemble-light-fast_low_lc", "engine": "reference", "status": "predicted_infeasible"}
{"job": "q1-ensemble-light-nominal", "engine": "cpu", "status": "predicted_infeasible"}
{"job": "q1-ensemble-light-fast_low_lc", "engine": "cpu", "status": "predicted_infeasible"}
{"job": "q1-ensemble-light-hot_high_c", "engine": "reference", "status": "predicted_infeasible"}
{"job": "q1-ensemble-boundary-nominal", "engine": "cpu", "status": "predicted_feasible"}
{"job": "q1-ensemble-boundary-nominal", "engine": "reference", "status": "predicted_feasible"}
{"job": "q1-ensemble-light-hot_high_c", "engine": "cpu", "status": "predicted_infeasible"}
{"job": "q1-ensemble-boundary-fast_low_lc", "engine": "cpu", "status": "predicted_infeasible"}
{"job": "q1-ensemble-boundary-fast_low_lc", "engine": "reference", "status": "predicted_infeasible"}
{"job": "q1-ensemble-boundary-hot_high_c", "engine": "cpu", "status": "predicted_feasible"}
{"job": "q1-ensemble-boundary-hot_high_c", "engine": "reference", "status": "predicted_feasible"}
{"job": "q1-ensemble-reference-nominal", "engine": "cpu", "status": "predicted_feasible"}
{"job": "q1-ensemble-reference-nominal", "engine": "reference", "status": "predicted_feasible"}
{"job": "q1-ensemble-reference-fast_low_lc", "engine": "cpu", "status": "predicted_feasible"}
{"job": "q2-dpt", "engine": "cpu", "status": "qualified"}
{"job": "q2-dpt", "engine": "reference", "status": "qualified"}
{"job": "q1-ensemble-reference-fast_low_lc", "engine": "reference", "status": "predicted_feasible"}
{"job": "q1-ensemble-reference-hot_high_c", "engine": "cpu", "status": "predicted_feasible"}
{"job": "q1-ensemble-reference-hot_high_c", "engine": "reference", "status": "predicted_feasible"}
{"job": "q2-ensemble-light-nominal", "engine": "reference", "status": "predicted_infeasible"}
{"job": "q2-ensemble-light-nominal", "engine": "cpu", "status": "predicted_infeasible"}
{"job": "q2-ensemble-light-fast_low_lc", "engine": "reference", "status": "predicted_infeasible"}
{"job": "q2-ensemble-light-fast_low_lc", "engine": "cpu", "status": "predicted_infeasible"}
{"job": "q2-ensemble-light-hot_high_c", "engine": "reference", "status": "predicted_infeasible"}
{"job": "q2-ensemble-boundary-nominal", "engine": "cpu", "status": "predicted_feasible"}
{"job": "q2-ensemble-light-hot_high_c", "engine": "cpu", "status": "predicted_infeasible"}
{"job": "q2-ensemble-boundary-nominal", "engine": "reference", "status": "predicted_feasible"}
{"job": "q2-ensemble-boundary-fast_low_lc", "engine": "cpu", "status": "predicted_infeasible"}
{"job": "q2-ensemble-boundary-fast_low_lc", "engine": "reference", "status": "predicted_infeasible"}
{"job": "q2-ensemble-boundary-hot_high_c", "engine": "cpu", "status": "predicted_feasible"}
{"job": "q2-ensemble-boundary-hot_high_c", "engine": "reference", "status": "predicted_feasible"}
{"job": "q2-ensemble-reference-nominal", "engine": "cpu", "status": "predicted_feasible"}
{"job": "q2-ensemble-reference-fast_low_lc", "engine": "cpu", "status": "predicted_feasible"}
{"job": "q2-ensemble-reference-nominal", "engine": "reference", "status": "predicted_feasible"}
{"job": "q2-ensemble-reference-hot_high_c", "engine": "cpu", "status": "predicted_feasible"}
{"job": "q2-ensemble-reference-fast_low_lc", "engine": "reference", "status": "predicted_feasible"}
{"job": "q2-ensemble-reference-hot_high_c", "engine": "reference", "status": "predicted_feasible"}
{"job": "q0-dpt", "status": "resource_limit"}
{"job": "q0-ensemble-boundary-nominal", "status": "resource_limit"}
{"job": "q0-ensemble-boundary-fast_low_lc", "status": "resource_limit"}
{"job": "q0-ensemble-boundary-hot_high_c", "status": "resource_limit"}
{"job": "q0-ensemble-reference-nominal", "status": "resource_limit"}
{"job": "q0-ensemble-reference-fast_low_lc", "status": "resource_limit"}
{"job": "q0-ensemble-reference-hot_high_c", "status": "resource_limit"}
{"job": "q1-dpt", "status": "resource_limit"}
{"job": "q1-ensemble-light-nominal", "status": "resource_limit"}
{"job": "q1-ensemble-light-fast_low_lc", "status": "resource_limit"}
{"job": "q1-ensemble-light-hot_high_c", "status": "resource_limit"}
{"job": "q1-ensemble-boundary-nominal", "status": "resource_limit"}
{"job": "q1-ensemble-boundary-fast_low_lc", "status": "resource_limit"}
{"job": "q1-ensemble-boundary-hot_high_c", "status": "resource_limit"}
{"job": "q1-ensemble-reference-nominal", "status": "resource_limit"}
{"job": "q1-ensemble-reference-fast_low_lc", "status": "resource_limit"}
{"job": "q0-ensemble-light-fast_low_lc", "status": "resource_limit"}
{"job": "q1-ensemble-reference-hot_high_c", "status": "resource_limit"}
{"job": "q2-dpt", "status": "resource_limit"}
{"job": "q2-ensemble-light-nominal", "status": "resource_limit"}
{"job": "q2-ensemble-light-fast_low_lc", "status": "resource_limit"}
{"job": "q2-ensemble-boundary-nominal", "status": "resource_limit"}
{"job": "q2-ensemble-light-hot_high_c", "status": "resource_limit"}
{"job": "q2-ensemble-boundary-fast_low_lc", "status": "resource_limit"}
{"job": "q2-ensemble-boundary-hot_high_c", "status": "resource_limit"}
{"job": "q2-ensemble-reference-fast_low_lc", "status": "resource_limit"}
{"job": "q2-ensemble-reference-nominal", "status": "resource_limit"}
{"job": "q0-ensemble-light-hot_high_c", "status": "resource_limit"}
{"job": "q2-ensemble-reference-hot_high_c", "status": "resource_limit"}
{"job": "q0-ensemble-light-nominal", "status": "resource_limit"}
{"qualification_pass": false, "performance_pass": false, "output": "/home/adam/code/ohmnivore/docs/evidence/emi03/run-1"}
