core_plan 105 536 33 16 19
core_plan 105 540 30 14 18
core_plan 105 540 30 14 18
core_plan 105 540 30 14 18
core_plan 105 541 30 14 18
core_plan 105 541 30 14 18
core_plan 105 527 29 15 16
core_plan 105 527 29 15 16
core_plan 105 527 29 15 16
core_plan 105 527 29 15 16
core_plan 105 536 33 17 18
core_plan 105 540 30 15 17
core_plan 105 536 33 17 18
core_plan 105 540 30 15 17
core_plan 105 540 30 14 18
core_plan 105 540 30 14 18
core_plan 105 538 30 14 18
core_plan 105 540 30 14 18
core_plan 105 540 30 14 18
core_plan 105 541 30 14 18
core_plan 105 541 30 14 18
core_plan 105 541 30 14 18
core_plan 105 527 29 15 16
core_plan 105 527 29 15 16
core_plan 105 527 29 15 16
core_plan 105 527 29 15 16
core_plan 105 538 30 15 17
core_plan 105 540 30 15 17
core_plan 105 538 30 15 17
core_plan 105 540 30 15 17
core_plan 105 540 30 14 18
core_plan 105 540 30 14 18
core_plan 105 536 33 16 19
core_plan 105 540 30 14 18
core_plan 105 540 30 14 18
core_plan 105 540 30 14 18
core_plan 105 543 31 14 19
core_plan 105 542 30 14 19
core_plan 105 536 33 17 18
core_plan 105 537 33 16 19
core_plan 105 527 29 15 16
core_plan 105 527 29 15 16
core_plan 105 536 33 17 18
core_plan 105 540 30 15 17
core_plan 105 536 33 17 18
core_plan 105 540 30 15 17
core_plan 105 538 30 14 18
core_plan 105 540 30 14 18
core_plan 105 537 32 16 18
core_plan 105 537 32 16 18
core_plan 105 540 30 14 18
core_plan 105 540 30 14 18
core_plan 105 541 30 14 18
core_plan 105 541 30 14 18
core_plan 105 527 29 15 16
core_plan 105 527 29 15 16
core_plan 105 527 29 15 16
core_plan 105 527 29 15 16
core_plan 105 540 30 15 17
core_plan 105 540 30 15 17
core_plan 105 540 30 15 17
core_plan 105 540 30 15 17
core_plan 105 540 30 14 18
core_plan 105 540 30 14 18
core_plan 105 537 32 16 18
core_plan 105 537 32 16 18
core_plan 105 540 30 14 18
core_plan 105 540 30 14 18
core_plan 105 541 30 14 18
core_plan 105 541 30 14 18
core_plan 105 527 29 15 16
core_plan 105 527 29 15 16
core_plan 105 527 29 15 16
core_plan 105 527 29 15 16
core_plan 105 540 30 15 17
core_plan 105 540 30 15 17
core_plan 105 540 30 15 17
core_plan 105 540 30 15 17
core_plan 105 540 30 14 18
core_plan 105 540 30 14 18
core_plan 105 537 32 16 18
core_plan 105 537 32 16 18
core_plan 105 540 30 14 18
core_plan 105 540 30 14 18
core_plan 105 541 30 14 18
core_plan 105 541 30 14 18
core_plan 105 536 33 17 18
core_plan 105 537 33 16 19
core_plan 105 527 29 15 16
core_plan 105 527 29 15 16
core_plan 105 540 30 15 17
core_plan 105 540 30 15 17
core_plan 105 540 30 15 17
core_plan 105 540 30 15 17
core_plan 105 541 30 14 18
core_plan 105 541 30 14 18
core_plan 105 536 33 16 19
core_plan 105 540 30 14 18
core_plan 105 540 30 14 18
core_plan 105 540 30 14 18
core_plan 105 542 30 14 19
core_plan 105 542 30 14 19
core_plan 105 527 29 15 16
core_plan 105 528 29 15 17
core_plan 105 527 29 15 16
core_plan 105 527 29 15 16
core_plan 105 536 33 17 18
core_plan 105 540 30 15 17
core_plan 105 536 33 17 18
core_plan 105 540 30 15 17
core_plan 105 536 33 16 19
core_plan 105 540 30 14 18
core_plan 105 538 30 14 18
core_plan 105 540 30 14 18
core_plan 105 540 30 14 18
core_plan 105 542 30 14 19
core_plan 105 542 30 14 19
core_plan 105 554 36 14 25
core_plan 105 527 29 15 16
core_plan 105 528 29 15 17
core_plan 105 527 29 15 16
core_plan 105 527 29 15 16
core_plan 105 538 30 15 17
core_plan 105 540 30 15 17
core_plan 105 538 30 15 17
core_plan 105 540 30 15 17
core_plan 105 538 30 14 18
core_plan 105 540 30 14 18
core_plan 105 536 33 16 19
core_plan 105 540 30 14 18
core_plan 105 540 30 14 18
core_plan 105 540 30 14 18
core_plan 105 554 36 14 25
core_plan 105 554 36 14 25
core_plan 105 537 33 17 18
core_plan 105 538 33 16 19
core_plan 105 527 29 15 16
core_plan 105 527 29 15 16
core_plan 105 536 33 17 18
core_plan 105 540 30 15 17
core_plan 105 536 33 17 18
core_plan 105 540 30 15 17
core_plan 105 538 30 14 18
core_plan 105 540 30 14 18
core_plan 105 541 30 14 18
core_plan 105 541 30 14 18
core_plan 105 543 31 14 19
core_plan 105 541 30 14 18
core_plan 105 541 30 14 18
core_plan 105 541 30 14 18
core_plan 105 542 30 14 19
core_plan 105 542 30 14 19
core_plan 105 554 36 14 25
core_plan 105 541 30 14 18
core_plan 105 541 30 14 18
core_plan 105 543 31 14 19
core_plan 105 541 30 14 18
core_plan 105 541 30 14 18
core_plan 105 541 30 14 18
core_plan 105 542 30 14 19
