core_plan 105 851 44 20 25
core_plan 105 851 44 20 25
core_plan 105 843 44 20 25
core_plan 105 843 44 20 25
core_plan 105 846 43 22 22
core_plan 105 846 43 22 22
core_plan 105 852 42 20 23
core_plan 105 849 46 24 23
core_plan 105 852 42 20 23
core_plan 105 852 42 20 23
core_plan 105 852 42 20 23
core_plan 105 852 42 20 23
core_plan 105 852 42 20 23
core_plan 105 852 42 20 23
core_plan 105 851 44 20 25
core_plan 105 851 44 20 25
core_plan 105 851 44 20 25
core_plan 105 851 44 20 25
core_plan 105 843 44 20 25
core_plan 105 844 45 20 26
core_plan 105 846 43 22 22
core_plan 105 846 43 22 22
core_plan 105 852 42 20 23
core_plan 105 849 46 24 23
core_plan 105 852 42 20 23
core_plan 105 852 42 20 23
core_plan 105 852 42 20 23
core_plan 105 852 42 20 23
core_plan 105 852 42 20 23
core_plan 105 852 42 20 23
core_plan 105 851 44 20 25
core_plan 105 851 44 20 25
core_plan 105 851 44 20 25
core_plan 105 851 44 20 25
core_plan 105 843 44 20 25
core_plan 105 843 44 20 25
core_plan 105 846 43 22 22
core_plan 105 846 43 22 22
core_plan 105 849 43 22 22
core_plan 105 847 45 24 22
core_plan 105 852 42 20 23
core_plan 105 852 42 20 23
core_plan 105 852 42 20 23
core_plan 105 852 42 20 23
core_plan 105 852 42 20 23
core_plan 105 852 42 20 23
core_plan 105 851 44 20 25
core_plan 105 851 44 20 25
core_plan 105 866 42 21 22
core_plan 105 866 44 20 25
core_plan 105 843 44 20 25
core_plan 105 844 45 20 26
core_plan 105 846 43 22 22
core_plan 105 846 43 22 22
core_plan 105 852 42 20 23
core_plan 105 849 46 24 23
core_plan 105 853 42 20 23
core_plan 105 852 42 20 23
core_plan 105 852 42 20 23
core_plan 105 852 42 20 23
core_plan 105 852 42 20 23
core_plan 105 852 42 20 23
core_plan 105 851 44 20 25
core_plan 105 851 44 20 25
core_plan 105 866 42 21 22
core_plan 105 866 44 20 25
core_plan 105 843 44 20 25
core_plan 105 844 45 20 26
core_plan 105 846 43 22 22
core_plan 105 846 43 22 22
core_plan 105 852 42 20 23
core_plan 105 849 46 24 23
core_plan 105 853 42 20 23
core_plan 105 852 42 20 23
core_plan 105 852 42 20 23
core_plan 105 852 42 20 23
core_plan 105 852 42 20 23
core_plan 105 852 42 20 23
core_plan 105 851 44 20 25
core_plan 105 851 44 20 25
core_plan 105 866 42 21 22
core_plan 105 866 44 20 25
core_plan 105 843 44 20 25
core_plan 105 843 44 20 25
core_plan 105 843 44 22 23
core_plan 105 846 43 22 22
core_plan 105 849 43 22 22
core_plan 105 847 45 24 22
core_plan 105 852 42 20 23
core_plan 105 852 42 20 23
core_plan 105 852 42 20 23
core_plan 105 852 42 20 23
core_plan 105 852 42 20 23
core_plan 105 852 42 20 23
core_plan 105 854 43 22 22
core_plan 105 854 43 22 22
core_plan 105 851 44 20 25
core_plan 105 851 44 20 25
core_plan 105 843 44 20 25
core_plan 105 843 44 20 25
core_plan 105 846 43 22 22
core_plan 105 846 43 22 22
core_plan 105 852 42 20 23
core_plan 105 849 46 24 23
core_plan 105 852 42 20 23
core_plan 105 852 42 20 23
core_plan 105 852 42 20 23
core_plan 105 852 42 20 23
core_plan 105 852 42 20 23
core_plan 105 852 42 20 23
core_plan 105 851 44 20 25
core_plan 105 851 44 20 25
core_plan 105 851 44 20 25
core_plan 105 851 44 20 25
core_plan 105 843 44 20 25
core_plan 105 844 45 20 26
core_plan 105 846 43 22 22
core_plan 105 846 43 22 22
core_plan 105 852 42 20 23
core_plan 105 849 46 24 23
core_plan 105 852 42 20 23
core_plan 105 852 42 20 23
core_plan 105 852 42 20 23
core_plan 105 852 42 20 23
core_plan 105 852 42 20 23
core_plan 105 852 42 20 23
core_plan 105 851 44 20 25
core_plan 105 851 44 20 25
core_plan 105 851 44 20 25
core_plan 105 851 44 20 25
core_plan 105 843 44 20 25
core_plan 105 843 44 20 25
core_plan 105 846 43 22 22
core_plan 105 846 43 22 22
core_plan 105 849 43 22 22
core_plan 105 847 45 24 22
core_plan 105 852 42 20 23
core_plan 105 852 42 20 23
core_plan 105 852 42 20 23
core_plan 105 852 42 20 23
core_plan 105 852 42 20 23
core_plan 105 852 42 20 23
core_plan 105 851 44 20 25
core_plan 105 851 44 20 25
core_plan 105 846 43 22 22
core_plan 105 846 43 22 22
core_plan 105 846 43 22 22
core_plan 105 846 43 22 22
core_plan 105 846 43 22 22
core_plan 105 843 44 22 23
core_plan 105 846 43 22 22
core_plan 105 846 43 22 22
core_plan 105 846 43 22 22
core_plan 105 846 43 22 22
core_plan 105 846 43 22 22
core_plan 105 846 43 22 22
core_plan 105 846 43 22 22
core_plan 105 846 43 22 22
core_plan 105 843 44 22 23
core_plan 105 846 43 22 22
