========= COMPUTE-SANITIZER
{"kind":"auxiliary_validation","case":"boundary-fast_low_lc-s0-a1","zero_rhs":0,"componentwise":5.1197899911035152e-17,"scaled_klu_difference":1.1102230246251565e-16}
{"kind":"auxiliary_validation","case":"boundary-fast_low_lc-s0-a2","zero_rhs":0,"componentwise":4.8030936867142956e-17,"scaled_klu_difference":3.3306690738754696e-16}
{"kind":"auxiliary_validation","case":"boundary-fast_low_lc-s1-a1","zero_rhs":0,"componentwise":4.8030936867142956e-17,"scaled_klu_difference":2.2204460492503131e-16}
{"kind":"auxiliary_validation","case":"boundary-fast_low_lc-s1-a2","zero_rhs":0,"componentwise":4.8030936867142956e-17,"scaled_klu_difference":4.4408920985006262e-16}
{"kind":"auxiliary_validation","case":"boundary-fast_low_lc-s2-a1","zero_rhs":0,"componentwise":4.8030936867142956e-17,"scaled_klu_difference":1.1102230246251565e-15}
{"kind":"auxiliary_validation","case":"boundary-fast_low_lc-s2-a2","zero_rhs":0,"componentwise":5.1019298810398788e-17,"scaled_klu_difference":7.7715611723760958e-16}
{"kind":"auxiliary_validation","case":"boundary-fast_low_lc-s3-a1","zero_rhs":0,"componentwise":5.1019298810370426e-17,"scaled_klu_difference":2.2204460492503131e-16}
{"kind":"auxiliary_validation","case":"boundary-fast_low_lc-s3-a2","zero_rhs":0,"componentwise":4.8030936867142956e-17,"scaled_klu_difference":1.1102230246251565e-16}
{"kind":"auxiliary_validation","case":"boundary-fast_low_lc-s4-a1","zero_rhs":0,"componentwise":5.6269389996532968e-17,"scaled_klu_difference":7.7715611723760958e-16}
{"kind":"auxiliary_validation","case":"boundary-fast_low_lc-s4-a2","zero_rhs":0,"componentwise":6.7133210420698147e-17,"scaled_klu_difference":3.3306690738754696e-16}
{"kind":"auxiliary_validation","case":"boundary-fast_low_lc-s5-a1","zero_rhs":0,"componentwise":5.6269389996532968e-17,"scaled_klu_difference":3.3306690738754696e-16}
{"kind":"auxiliary_validation","case":"boundary-fast_low_lc-s5-a2","zero_rhs":0,"componentwise":4.8430299557429188e-17,"scaled_klu_difference":2.2204460492503131e-16}
{"kind":"auxiliary_validation","case":"boundary-fast_low_lc-s6-a1","zero_rhs":0,"componentwise":5.6269389996532968e-17,"scaled_klu_difference":2.2204460492503131e-16}
{"kind":"auxiliary_validation","case":"boundary-fast_low_lc-s6-a2","zero_rhs":0,"componentwise":4.8030936867142956e-17,"scaled_klu_difference":4.4408920985006262e-16}
{"kind":"auxiliary_validation","case":"boundary-fast_low_lc-s7-a1","zero_rhs":0,"componentwise":4.8030936867142956e-17,"scaled_klu_difference":8.8817841970012523e-16}
{"kind":"auxiliary_validation","case":"boundary-fast_low_lc-s7-a2","zero_rhs":0,"componentwise":6.7133210420678056e-17,"scaled_klu_difference":4.4408920985006262e-16}
{"kind":"auxiliary_validation","case":"boundary-fast_low_lc-s0-a1","zero_rhs":1,"componentwise":0,"scaled_klu_difference":0}
{"kind":"auxiliary_validation","case":"boundary-fast_low_lc-s0-a2","zero_rhs":1,"componentwise":0,"scaled_klu_difference":0}
{"kind":"auxiliary_validation","case":"boundary-fast_low_lc-s1-a1","zero_rhs":1,"componentwise":0,"scaled_klu_difference":0}
{"kind":"auxiliary_validation","case":"boundary-fast_low_lc-s1-a2","zero_rhs":1,"componentwise":0,"scaled_klu_difference":0}
{"kind":"auxiliary_validation","case":"boundary-fast_low_lc-s2-a1","zero_rhs":1,"componentwise":0,"scaled_klu_difference":0}
{"kind":"auxiliary_validation","case":"boundary-fast_low_lc-s2-a2","zero_rhs":1,"componentwise":0,"scaled_klu_difference":0}
{"kind":"auxiliary_validation","case":"boundary-fast_low_lc-s3-a1","zero_rhs":1,"componentwise":0,"scaled_klu_difference":0}
{"kind":"auxiliary_validation","case":"boundary-fast_low_lc-s3-a2","zero_rhs":1,"componentwise":0,"scaled_klu_difference":0}
{"kind":"auxiliary_validation","case":"boundary-fast_low_lc-s4-a1","zero_rhs":1,"componentwise":0,"scaled_klu_difference":0}
{"kind":"auxiliary_validation","case":"boundary-fast_low_lc-s4-a2","zero_rhs":1,"componentwise":0,"scaled_klu_difference":0}
{"kind":"auxiliary_validation","case":"boundary-fast_low_lc-s5-a1","zero_rhs":1,"componentwise":0,"scaled_klu_difference":0}
{"kind":"auxiliary_validation","case":"boundary-fast_low_lc-s5-a2","zero_rhs":1,"componentwise":0,"scaled_klu_difference":0}
{"kind":"auxiliary_validation","case":"boundary-fast_low_lc-s6-a1","zero_rhs":1,"componentwise":0,"scaled_klu_difference":0}
{"kind":"auxiliary_validation","case":"boundary-fast_low_lc-s6-a2","zero_rhs":1,"componentwise":0,"scaled_klu_difference":0}
{"kind":"auxiliary_validation","case":"boundary-fast_low_lc-s7-a1","zero_rhs":1,"componentwise":0,"scaled_klu_difference":0}
{"kind":"auxiliary_validation","case":"boundary-fast_low_lc-s7-a2","zero_rhs":1,"componentwise":0,"scaled_klu_difference":0}
{"kind":"auxiliary_hostile","singular_actual_zero_rhs_rejected":true}
{"kind":"auxiliary_validation","case":"boundary-hot_high_c-s0-a1","zero_rhs":0,"componentwise":4.8030936867142956e-17,"scaled_klu_difference":3.3306690738754696e-16}
{"kind":"auxiliary_validation","case":"boundary-hot_high_c-s0-a2","zero_rhs":0,"componentwise":5.0094555697589271e-17,"scaled_klu_difference":3.3306690738754696e-16}
{"kind":"auxiliary_validation","case":"boundary-hot_high_c-s1-a1","zero_rhs":0,"componentwise":5.056249215273833e-17,"scaled_klu_difference":4.4408920985006262e-16}
{"kind":"auxiliary_validation","case":"boundary-hot_high_c-s1-a2","zero_rhs":0,"componentwise":5.0771686052721266e-17,"scaled_klu_difference":9.9920072216264089e-16}
{"kind":"auxiliary_validation","case":"boundary-hot_high_c-s2-a1","zero_rhs":0,"componentwise":4.8030936867142956e-17,"scaled_klu_difference":7.7715611723760958e-16}
{"kind":"auxiliary_validation","case":"boundary-hot_high_c-s2-a2","zero_rhs":0,"componentwise":5.1019298810397469e-17,"scaled_klu_difference":5.6621374255882984e-15}
{"kind":"auxiliary_validation","case":"boundary-hot_high_c-s3-a1","zero_rhs":0,"componentwise":4.8030936867142956e-17,"scaled_klu_difference":2.2204460492503131e-16}
{"kind":"auxiliary_validation","case":"boundary-hot_high_c-s3-a2","zero_rhs":0,"componentwise":6.1074945665170162e-17,"scaled_klu_difference":1.3322676295501878e-15}
{"kind":"auxiliary_validation","case":"boundary-hot_high_c-s4-a1","zero_rhs":0,"componentwise":4.8030936867142956e-17,"scaled_klu_difference":7.7715611723760958e-16}
{"kind":"auxiliary_validation","case":"boundary-hot_high_c-s4-a2","zero_rhs":0,"componentwise":4.8030936867142956e-17,"scaled_klu_difference":4.9960036108132044e-16}
{"kind":"auxiliary_validation","case":"boundary-hot_high_c-s5-a1","zero_rhs":0,"componentwise":5.1019298810405869e-17,"scaled_klu_difference":2.2204460492503131e-16}
{"kind":"auxiliary_validation","case":"boundary-hot_high_c-s5-a2","zero_rhs":0,"componentwise":5.2243416164234889e-17,"scaled_klu_difference":3.3306690738754696e-16}
{"kind":"auxiliary_validation","case":"boundary-hot_high_c-s6-a1","zero_rhs":0,"componentwise":5.1019298810414313e-17,"scaled_klu_difference":4.4408920985006262e-16}
{"kind":"auxiliary_validation","case":"boundary-hot_high_c-s6-a2","zero_rhs":0,"componentwise":6.6648519015265835e-17,"scaled_klu_difference":4.4408920985006262e-16}
{"kind":"auxiliary_validation","case":"boundary-hot_high_c-s7-a1","zero_rhs":0,"componentwise":6.7133210420712519e-17,"scaled_klu_difference":2.2204460492503131e-16}
{"kind":"auxiliary_validation","case":"boundary-hot_high_c-s7-a2","zero_rhs":0,"componentwise":5.335419544919045e-17,"scaled_klu_difference":4.4408920985006262e-16}
{"kind":"auxiliary_validation","case":"boundary-hot_high_c-s0-a1","zero_rhs":1,"componentwise":0,"scaled_klu_difference":0}
{"kind":"auxiliary_validation","case":"boundary-hot_high_c-s0-a2","zero_rhs":1,"componentwise":0,"scaled_klu_difference":0}
{"kind":"auxiliary_validation","case":"boundary-hot_high_c-s1-a1","zero_rhs":1,"componentwise":0,"scaled_klu_difference":0}
{"kind":"auxiliary_validation","case":"boundary-hot_high_c-s1-a2","zero_rhs":1,"componentwise":0,"scaled_klu_difference":0}
{"kind":"auxiliary_validation","case":"boundary-hot_high_c-s2-a1","zero_rhs":1,"componentwise":0,"scaled_klu_difference":0}
{"kind":"auxiliary_validation","case":"boundary-hot_high_c-s2-a2","zero_rhs":1,"componentwise":0,"scaled_klu_difference":0}
{"kind":"auxiliary_validation","case":"boundary-hot_high_c-s3-a1","zero_rhs":1,"componentwise":0,"scaled_klu_difference":0}
{"kind":"auxiliary_validation","case":"boundary-hot_high_c-s3-a2","zero_rhs":1,"componentwise":0,"scaled_klu_difference":0}
{"kind":"auxiliary_validation","case":"boundary-hot_high_c-s4-a1","zero_rhs":1,"componentwise":0,"scaled_klu_difference":0}
{"kind":"auxiliary_validation","case":"boundary-hot_high_c-s4-a2","zero_rhs":1,"componentwise":0,"scaled_klu_difference":0}
{"kind":"auxiliary_validation","case":"boundary-hot_high_c-s5-a1","zero_rhs":1,"componentwise":0,"scaled_klu_difference":0}
{"kind":"auxiliary_validation","case":"boundary-hot_high_c-s5-a2","zero_rhs":1,"componentwise":0,"scaled_klu_difference":0}
{"kind":"auxiliary_validation","case":"boundary-hot_high_c-s6-a1","zero_rhs":1,"componentwise":0,"scaled_klu_difference":0}
{"kind":"auxiliary_validation","case":"boundary-hot_high_c-s6-a2","zero_rhs":1,"componentwise":0,"scaled_klu_difference":0}
{"kind":"auxiliary_validation","case":"boundary-hot_high_c-s7-a1","zero_rhs":1,"componentwise":0,"scaled_klu_difference":0}
{"kind":"auxiliary_validation","case":"boundary-hot_high_c-s7-a2","zero_rhs":1,"componentwise":0,"scaled_klu_difference":0}
{"kind":"auxiliary_validation","case":"boundary-nominal-s0-a1","zero_rhs":0,"componentwise":4.8030936867142956e-17,"scaled_klu_difference":3.3306690738754696e-16}
{"kind":"auxiliary_validation","case":"boundary-nominal-s0-a2","zero_rhs":0,"componentwise":4.8222647938580922e-17,"scaled_klu_difference":3.3306690738754696e-16}
{"kind":"auxiliary_validation","case":"boundary-nominal-s1-a1","zero_rhs":0,"componentwise":4.837340985599049e-17,"scaled_klu_difference":6.6613381477509392e-16}
{"kind":"auxiliary_validation","case":"boundary-nominal-s1-a2","zero_rhs":0,"componentwise":4.8030936867142956e-17,"scaled_klu_difference":2.2204460492503131e-16}
{"kind":"auxiliary_validation","case":"boundary-nominal-s2-a1","zero_rhs":0,"componentwise":4.8030936867142956e-17,"scaled_klu_difference":4.4408920985006262e-15}
{"kind":"auxiliary_validation","case":"boundary-nominal-s2-a2","zero_rhs":0,"componentwise":5.1019298810400834e-17,"scaled_klu_difference":5.5511151231257827e-15}
{"kind":"auxiliary_validation","case":"boundary-nominal-s3-a1","zero_rhs":0,"componentwise":4.8030936867142956e-17,"scaled_klu_difference":7.7715611723760958e-16}
{"kind":"auxiliary_validation","case":"boundary-nominal-s3-a2","zero_rhs":0,"componentwise":5.1019298810399472e-17,"scaled_klu_difference":2.55351295663786e-15}
{"kind":"auxiliary_validation","case":"boundary-nominal-s4-a1","zero_rhs":0,"componentwise":6.7133210420684971e-17,"scaled_klu_difference":2.7755575615628914e-16}
{"kind":"auxiliary_validation","case":"boundary-nominal-s4-a2","zero_rhs":0,"componentwise":5.3140647956037753e-17,"scaled_klu_difference":3.3306690738754696e-16}
{"kind":"auxiliary_validation","case":"boundary-nominal-s5-a1","zero_rhs":0,"componentwise":6.7133210420679239e-17,"scaled_klu_difference":3.3306690738754696e-16}
{"kind":"auxiliary_validation","case":"boundary-nominal-s5-a2","zero_rhs":0,"componentwise":4.8030936867142956e-17,"scaled_klu_difference":2.3592239273284576e-16}
{"kind":"auxiliary_validation","case":"boundary-nominal-s6-a1","zero_rhs":0,"componentwise":4.9410807542556323e-17,"scaled_klu_difference":4.4408920985006262e-16}
{"kind":"auxiliary_validation","case":"boundary-nominal-s6-a2","zero_rhs":0,"componentwise":6.3892797890710323e-17,"scaled_klu_difference":2.2204460492503131e-16}
{"kind":"auxiliary_validation","case":"boundary-nominal-s7-a1","zero_rhs":0,"componentwise":4.8030936867142956e-17,"scaled_klu_difference":4.4408920985006262e-16}
{"kind":"auxiliary_validation","case":"boundary-nominal-s7-a2","zero_rhs":0,"componentwise":5.1019298810393241e-17,"scaled_klu_difference":4.4408920985006262e-16}
{"kind":"auxiliary_validation","case":"boundary-nominal-s0-a1","zero_rhs":1,"componentwise":0,"scaled_klu_difference":0}
{"kind":"auxiliary_validation","case":"boundary-nominal-s0-a2","zero_rhs":1,"componentwise":0,"scaled_klu_difference":0}
{"kind":"auxiliary_validation","case":"boundary-nominal-s1-a1","zero_rhs":1,"componentwise":0,"scaled_klu_difference":0}
{"kind":"auxiliary_validation","case":"boundary-nominal-s1-a2","zero_rhs":1,"componentwise":0,"scaled_klu_difference":0}
{"kind":"auxiliary_validation","case":"boundary-nominal-s2-a1","zero_rhs":1,"componentwise":0,"scaled_klu_difference":0}
{"kind":"auxiliary_validation","case":"boundary-nominal-s2-a2","zero_rhs":1,"componentwise":0,"scaled_klu_difference":0}
{"kind":"auxiliary_validation","case":"boundary-nominal-s3-a1","zero_rhs":1,"componentwise":0,"scaled_klu_difference":0}
{"kind":"auxiliary_validation","case":"boundary-nominal-s3-a2","zero_rhs":1,"componentwise":0,"scaled_klu_difference":0}
{"kind":"auxiliary_validation","case":"boundary-nominal-s4-a1","zero_rhs":1,"componentwise":0,"scaled_klu_difference":0}
{"kind":"auxiliary_validation","case":"boundary-nominal-s4-a2","zero_rhs":1,"componentwise":0,"scaled_klu_difference":0}
{"kind":"auxiliary_validation","case":"boundary-nominal-s5-a1","zero_rhs":1,"componentwise":0,"scaled_klu_difference":0}
{"kind":"auxiliary_validation","case":"boundary-nominal-s5-a2","zero_rhs":1,"componentwise":0,"scaled_klu_difference":0}
{"kind":"auxiliary_validation","case":"boundary-nominal-s6-a1","zero_rhs":1,"componentwise":0,"scaled_klu_difference":0}
{"kind":"auxiliary_validation","case":"boundary-nominal-s6-a2","zero_rhs":1,"componentwise":0,"scaled_klu_difference":0}
{"kind":"auxiliary_validation","case":"boundary-nominal-s7-a1","zero_rhs":1,"componentwise":0,"scaled_klu_difference":0}
{"kind":"auxiliary_validation","case":"boundary-nominal-s7-a2","zero_rhs":1,"componentwise":0,"scaled_klu_difference":0}
{"kind":"auxiliary_validation","case":"light-fast_low_lc-s0-a1","zero_rhs":0,"componentwise":5.6714850525158389e-17,"scaled_klu_difference":3.4416913763379853e-15}
{"kind":"auxiliary_validation","case":"light-fast_low_lc-s0-a2","zero_rhs":0,"componentwise":4.8030936867142956e-17,"scaled_klu_difference":6.6613381477509392e-16}
{"kind":"auxiliary_validation","case":"light-fast_low_lc-s1-a1","zero_rhs":0,"componentwise":4.8030936867142956e-17,"scaled_klu_difference":4.9960036108132044e-16}
{"kind":"auxiliary_validation","case":"light-fast_low_lc-s1-a2","zero_rhs":0,"componentwise":4.8316307400116208e-17,"scaled_klu_difference":1.1102230246251565e-16}
{"kind":"auxiliary_validation","case":"light-fast_low_lc-s2-a1","zero_rhs":0,"componentwise":4.8030936867142956e-17,"scaled_klu_difference":6.6613381477509392e-16}
{"kind":"auxiliary_validation","case":"light-fast_low_lc-s2-a2","zero_rhs":0,"componentwise":4.8030936867142956e-17,"scaled_klu_difference":1.3322676295501878e-15}
{"kind":"auxiliary_validation","case":"light-fast_low_lc-s3-a1","zero_rhs":0,"componentwise":4.8030936867142956e-17,"scaled_klu_difference":4.4408920985006262e-16}
{"kind":"auxiliary_validation","case":"light-fast_low_lc-s3-a2","zero_rhs":0,"componentwise":4.8030936867142956e-17,"scaled_klu_difference":3.3306690738754696e-16}
{"kind":"auxiliary_validation","case":"light-fast_low_lc-s4-a1","zero_rhs":0,"componentwise":5.1019298810422688e-17,"scaled_klu_difference":8.8817841970012523e-16}
{"kind":"auxiliary_validation","case":"light-fast_low_lc-s4-a2","zero_rhs":0,"componentwise":5.1019298810391528e-17,"scaled_klu_difference":6.106226635438361e-16}
{"kind":"auxiliary_validation","case":"light-fast_low_lc-s5-a1","zero_rhs":0,"componentwise":6.1214174971995451e-17,"scaled_klu_difference":5.5511151231257827e-16}
{"kind":"auxiliary_validation","case":"light-fast_low_lc-s5-a2","zero_rhs":0,"componentwise":4.8030936867142956e-17,"scaled_klu_difference":8.8817841970012523e-16}
{"kind":"auxiliary_validation","case":"light-fast_low_lc-s6-a1","zero_rhs":0,"componentwise":5.1019298810373951e-17,"scaled_klu_difference":6.6613381477509392e-16}
{"kind":"auxiliary_validation","case":"light-fast_low_lc-s6-a2","zero_rhs":0,"componentwise":6.7133210420695879e-17,"scaled_klu_difference":2.7755575615628914e-16}
{"kind":"auxiliary_validation","case":"light-fast_low_lc-s7-a1","zero_rhs":0,"componentwise":4.8030936867142956e-17,"scaled_klu_difference":6.106226635438361e-16}
{"kind":"auxiliary_validation","case":"light-fast_low_lc-s7-a2","zero_rhs":0,"componentwise":4.8030936867142956e-17,"scaled_klu_difference":4.4408920985006262e-16}
{"kind":"auxiliary_validation","case":"light-fast_low_lc-s0-a1","zero_rhs":1,"componentwise":0,"scaled_klu_difference":0}
{"kind":"auxiliary_validation","case":"light-fast_low_lc-s0-a2","zero_rhs":1,"componentwise":0,"scaled_klu_difference":0}
{"kind":"auxiliary_validation","case":"light-fast_low_lc-s1-a1","zero_rhs":1,"componentwise":0,"scaled_klu_difference":0}
{"kind":"auxiliary_validation","case":"light-fast_low_lc-s1-a2","zero_rhs":1,"componentwise":0,"scaled_klu_difference":0}
{"kind":"auxiliary_validation","case":"light-fast_low_lc-s2-a1","zero_rhs":1,"componentwise":0,"scaled_klu_difference":0}
{"kind":"auxiliary_validation","case":"light-fast_low_lc-s2-a2","zero_rhs":1,"componentwise":0,"scaled_klu_difference":0}
{"kind":"auxiliary_validation","case":"light-fast_low_lc-s3-a1","zero_rhs":1,"componentwise":0,"scaled_klu_difference":0}
{"kind":"auxiliary_validation","case":"light-fast_low_lc-s3-a2","zero_rhs":1,"componentwise":0,"scaled_klu_difference":0}
{"kind":"auxiliary_validation","case":"light-fast_low_lc-s4-a1","zero_rhs":1,"componentwise":0,"scaled_klu_difference":0}
{"kind":"auxiliary_validation","case":"light-fast_low_lc-s4-a2","zero_rhs":1,"componentwise":0,"scaled_klu_difference":0}
{"kind":"auxiliary_validation","case":"light-fast_low_lc-s5-a1","zero_rhs":1,"componentwise":0,"scaled_klu_difference":0}
{"kind":"auxiliary_validation","case":"light-fast_low_lc-s5-a2","zero_rhs":1,"componentwise":0,"scaled_klu_difference":0}
{"kind":"auxiliary_validation","case":"light-fast_low_lc-s6-a1","zero_rhs":1,"componentwise":0,"scaled_klu_difference":0}
{"kind":"auxiliary_validation","case":"light-fast_low_lc-s6-a2","zero_rhs":1,"componentwise":0,"scaled_klu_difference":0}
{"kind":"auxiliary_validation","case":"light-fast_low_lc-s7-a1","zero_rhs":1,"componentwise":0,"scaled_klu_difference":0}
{"kind":"auxiliary_validation","case":"light-fast_low_lc-s7-a2","zero_rhs":1,"componentwise":0,"scaled_klu_difference":0}
{"kind":"auxiliary_validation","case":"light-hot_high_c-s0-a1","zero_rhs":0,"componentwise":4.8030936867142956e-17,"scaled_klu_difference":5.3845816694320092e-15}
{"kind":"auxiliary_validation","case":"light-hot_high_c-s0-a2","zero_rhs":0,"componentwise":5.2072795377061125e-17,"scaled_klu_difference":1.9984014443252818e-15}
{"kind":"auxiliary_validation","case":"light-hot_high_c-s1-a1","zero_rhs":0,"componentwise":6.7133210420708341e-17,"scaled_klu_difference":1.1102230246251565e-15}
{"kind":"auxiliary_validation","case":"light-hot_high_c-s1-a2","zero_rhs":0,"componentwise":5.231093929333279e-17,"scaled_klu_difference":5.5511151231257827e-16}
{"kind":"auxiliary_validation","case":"light-hot_high_c-s2-a1","zero_rhs":0,"componentwise":5.2247441599120726e-17,"scaled_klu_difference":5.5511151231257827e-16}
{"kind":"auxiliary_validation","case":"light-hot_high_c-s2-a2","zero_rhs":0,"componentwise":4.8030936867142956e-17,"scaled_klu_difference":2.7755575615628914e-15}
{"kind":"auxiliary_validation","case":"light-hot_high_c-s3-a1","zero_rhs":0,"componentwise":4.8030936867142956e-17,"scaled_klu_difference":5.5511151231257827e-16}
{"kind":"auxiliary_validation","case":"light-hot_high_c-s3-a2","zero_rhs":0,"componentwise":6.7133210420682875e-17,"scaled_klu_difference":8.3266726846886741e-16}
{"kind":"auxiliary_validation","case":"light-hot_high_c-s4-a1","zero_rhs":0,"componentwise":5.8341393979957549e-17,"scaled_klu_difference":8.8817841970012523e-16}
{"kind":"auxiliary_validation","case":"light-hot_high_c-s4-a2","zero_rhs":0,"componentwise":5.101929881039819e-17,"scaled_klu_difference":2.2204460492503131e-16}
{"kind":"auxiliary_validation","case":"light-hot_high_c-s5-a1","zero_rhs":0,"componentwise":4.8030936867142956e-17,"scaled_klu_difference":5.5511151231257827e-16}
{"kind":"auxiliary_validation","case":"light-hot_high_c-s5-a2","zero_rhs":0,"componentwise":5.9418686851971821e-17,"scaled_klu_difference":3.3306690738754696e-16}
{"kind":"auxiliary_validation","case":"light-hot_high_c-s6-a1","zero_rhs":0,"componentwise":5.6091048869528598e-17,"scaled_klu_difference":9.4368957093138306e-16}
{"kind":"auxiliary_validation","case":"light-hot_high_c-s6-a2","zero_rhs":0,"componentwise":5.1019298810402905e-17,"scaled_klu_difference":3.3306690738754696e-16}
{"kind":"auxiliary_validation","case":"light-hot_high_c-s7-a1","zero_rhs":0,"componentwise":5.1019298810384071e-17,"scaled_klu_difference":6.6613381477509392e-16}
{"kind":"auxiliary_validation","case":"light-hot_high_c-s7-a2","zero_rhs":0,"componentwise":5.3345812371343808e-17,"scaled_klu_difference":4.4408920985006262e-16}
{"kind":"auxiliary_validation","case":"light-hot_high_c-s0-a1","zero_rhs":1,"componentwise":0,"scaled_klu_difference":0}
{"kind":"auxiliary_validation","case":"light-hot_high_c-s0-a2","zero_rhs":1,"componentwise":0,"scaled_klu_difference":0}
{"kind":"auxiliary_validation","case":"light-hot_high_c-s1-a1","zero_rhs":1,"componentwise":0,"scaled_klu_difference":0}
{"kind":"auxiliary_validation","case":"light-hot_high_c-s1-a2","zero_rhs":1,"componentwise":0,"scaled_klu_difference":0}
{"kind":"auxiliary_validation","case":"light-hot_high_c-s2-a1","zero_rhs":1,"componentwise":0,"scaled_klu_difference":0}
{"kind":"auxiliary_validation","case":"light-hot_high_c-s2-a2","zero_rhs":1,"componentwise":0,"scaled_klu_difference":0}
{"kind":"auxiliary_validation","case":"light-hot_high_c-s3-a1","zero_rhs":1,"componentwise":0,"scaled_klu_difference":0}
{"kind":"auxiliary_validation","case":"light-hot_high_c-s3-a2","zero_rhs":1,"componentwise":0,"scaled_klu_difference":0}
{"kind":"auxiliary_validation","case":"light-hot_high_c-s4-a1","zero_rhs":1,"componentwise":0,"scaled_klu_difference":0}
{"kind":"auxiliary_validation","case":"light-hot_high_c-s4-a2","zero_rhs":1,"componentwise":0,"scaled_klu_difference":0}
{"kind":"auxiliary_validation","case":"light-hot_high_c-s5-a1","zero_rhs":1,"componentwise":0,"scaled_klu_difference":0}
{"kind":"auxiliary_validation","case":"light-hot_high_c-s5-a2","zero_rhs":1,"componentwise":0,"scaled_klu_difference":0}
{"kind":"auxiliary_validation","case":"light-hot_high_c-s6-a1","zero_rhs":1,"componentwise":0,"scaled_klu_difference":0}
{"kind":"auxiliary_validation","case":"light-hot_high_c-s6-a2","zero_rhs":1,"componentwise":0,"scaled_klu_difference":0}
{"kind":"auxiliary_validation","case":"light-hot_high_c-s7-a1","zero_rhs":1,"componentwise":0,"scaled_klu_difference":0}
{"kind":"auxiliary_validation","case":"light-hot_high_c-s7-a2","zero_rhs":1,"componentwise":0,"scaled_klu_difference":0}
{"kind":"auxiliary_validation","case":"light-nominal-s0-a1","zero_rhs":0,"componentwise":5.1019298810394758e-17,"scaled_klu_difference":5.3290705182007514e-15}
{"kind":"auxiliary_validation","case":"light-nominal-s0-a2","zero_rhs":0,"componentwise":4.8030936867142956e-17,"scaled_klu_difference":1.7763568394002505e-15}
{"kind":"auxiliary_validation","case":"light-nominal-s1-a1","zero_rhs":0,"componentwise":5.1019298810434589e-17,"scaled_klu_difference":4.9960036108132044e-16}
{"kind":"auxiliary_validation","case":"light-nominal-s1-a2","zero_rhs":0,"componentwise":6.7133210420681125e-17,"scaled_klu_difference":6.6613381477509392e-16}
{"kind":"auxiliary_validation","case":"light-nominal-s2-a1","zero_rhs":0,"componentwise":5.210897040208332e-17,"scaled_klu_difference":1.4432899320127035e-15}
{"kind":"auxiliary_validation","case":"light-nominal-s2-a2","zero_rhs":0,"componentwise":5.3347122990199585e-17,"scaled_klu_difference":1.9984014443252818e-15}
{"kind":"auxiliary_validation","case":"light-nominal-s3-a1","zero_rhs":0,"componentwise":5.1019298810384798e-17,"scaled_klu_difference":8.8817841970012523e-16}
{"kind":"auxiliary_validation","case":"light-nominal-s3-a2","zero_rhs":0,"componentwise":4.8030936867142956e-17,"scaled_klu_difference":1.1102230246251565e-16}
{"kind":"auxiliary_validation","case":"light-nominal-s4-a1","zero_rhs":0,"componentwise":5.1092109620591799e-17,"scaled_klu_difference":1.8873791418627661e-15}
{"kind":"auxiliary_validation","case":"light-nominal-s4-a2","zero_rhs":0,"componentwise":6.4185207969926723e-17,"scaled_klu_difference":1.1102230246251565e-15}
{"kind":"auxiliary_validation","case":"light-nominal-s5-a1","zero_rhs":0,"componentwise":5.1019298810379104e-17,"scaled_klu_difference":1.1657341758564144e-15}
{"kind":"auxiliary_validation","case":"light-nominal-s5-a2","zero_rhs":0,"componentwise":4.9671729590734338e-17,"scaled_klu_difference":9.9920072216264089e-16}
{"kind":"auxiliary_validation","case":"light-nominal-s6-a1","zero_rhs":0,"componentwise":6.7133210420704187e-17,"scaled_klu_difference":9.9920072216264089e-16}
{"kind":"auxiliary_validation","case":"light-nominal-s6-a2","zero_rhs":0,"componentwise":5.0441246251855188e-17,"scaled_klu_difference":8.8817841970012523e-16}
{"kind":"auxiliary_validation","case":"light-nominal-s7-a1","zero_rhs":0,"componentwise":5.9863632583495441e-17,"scaled_klu_difference":8.8817841970012523e-16}
{"kind":"auxiliary_validation","case":"light-nominal-s7-a2","zero_rhs":0,"componentwise":4.8030936867142956e-17,"scaled_klu_difference":1.4432899320127035e-15}
{"kind":"auxiliary_validation","case":"light-nominal-s0-a1","zero_rhs":1,"componentwise":0,"scaled_klu_difference":0}
{"kind":"auxiliary_validation","case":"light-nominal-s0-a2","zero_rhs":1,"componentwise":0,"scaled_klu_difference":0}
{"kind":"auxiliary_validation","case":"light-nominal-s1-a1","zero_rhs":1,"componentwise":0,"scaled_klu_difference":0}
{"kind":"auxiliary_validation","case":"light-nominal-s1-a2","zero_rhs":1,"componentwise":0,"scaled_klu_difference":0}
{"kind":"auxiliary_validation","case":"light-nominal-s2-a1","zero_rhs":1,"componentwise":0,"scaled_klu_difference":0}
{"kind":"auxiliary_validation","case":"light-nominal-s2-a2","zero_rhs":1,"componentwise":0,"scaled_klu_difference":0}
{"kind":"auxiliary_validation","case":"light-nominal-s3-a1","zero_rhs":1,"componentwise":0,"scaled_klu_difference":0}
{"kind":"auxiliary_validation","case":"light-nominal-s3-a2","zero_rhs":1,"componentwise":0,"scaled_klu_difference":0}
{"kind":"auxiliary_validation","case":"light-nominal-s4-a1","zero_rhs":1,"componentwise":0,"scaled_klu_difference":0}
{"kind":"auxiliary_validation","case":"light-nominal-s4-a2","zero_rhs":1,"componentwise":0,"scaled_klu_difference":0}
{"kind":"auxiliary_validation","case":"light-nominal-s5-a1","zero_rhs":1,"componentwise":0,"scaled_klu_difference":0}
{"kind":"auxiliary_validation","case":"light-nominal-s5-a2","zero_rhs":1,"componentwise":0,"scaled_klu_difference":0}
{"kind":"auxiliary_validation","case":"light-nominal-s6-a1","zero_rhs":1,"componentwise":0,"scaled_klu_difference":0}
{"kind":"auxiliary_validation","case":"light-nominal-s6-a2","zero_rhs":1,"componentwise":0,"scaled_klu_difference":0}
{"kind":"auxiliary_validation","case":"light-nominal-s7-a1","zero_rhs":1,"componentwise":0,"scaled_klu_difference":0}
{"kind":"auxiliary_validation","case":"light-nominal-s7-a2","zero_rhs":1,"componentwise":0,"scaled_klu_difference":0}
{"kind":"auxiliary_validation","case":"reference-fast_low_lc-s0-a1","zero_rhs":0,"componentwise":5.1197899911035152e-17,"scaled_klu_difference":1.1102230246251565e-15}
{"kind":"auxiliary_validation","case":"reference-fast_low_lc-s0-a2","zero_rhs":0,"componentwise":4.8030936867142956e-17,"scaled_klu_difference":1.3322676295501878e-15}
{"kind":"auxiliary_validation","case":"reference-fast_low_lc-s1-a1","zero_rhs":0,"componentwise":4.8030936867142956e-17,"scaled_klu_difference":1.7763568394002505e-15}
{"kind":"auxiliary_validation","case":"reference-fast_low_lc-s1-a2","zero_rhs":0,"componentwise":4.8030936867142956e-17,"scaled_klu_difference":3.1086244689504383e-15}
{"kind":"auxiliary_validation","case":"reference-fast_low_lc-s2-a1","zero_rhs":0,"componentwise":5.1019298810393223e-17,"scaled_klu_difference":1.6875389974302379e-14}
{"kind":"auxiliary_validation","case":"reference-fast_low_lc-s2-a2","zero_rhs":0,"componentwise":5.4409184046276119e-17,"scaled_klu_difference":1.6986412276764895e-14}
{"kind":"auxiliary_validation","case":"reference-fast_low_lc-s3-a1","zero_rhs":0,"componentwise":5.0884753896501203e-17,"scaled_klu_difference":5.440092820663267e-15}
{"kind":"auxiliary_validation","case":"reference-fast_low_lc-s3-a2","zero_rhs":0,"componentwise":5.0251324647820499e-17,"scaled_klu_difference":7.2164496600635175e-15}
{"kind":"auxiliary_validation","case":"reference-fast_low_lc-s4-a1","zero_rhs":0,"componentwise":4.8593423557115032e-17,"scaled_klu_difference":1.5543122344752192e-15}
{"kind":"auxiliary_validation","case":"reference-fast_low_lc-s4-a2","zero_rhs":0,"componentwise":4.957912541409233e-17,"scaled_klu_difference":3.7747582837255322e-15}
{"kind":"auxiliary_validation","case":"reference-fast_low_lc-s5-a1","zero_rhs":0,"componentwise":5.6269389996532968e-17,"scaled_klu_difference":1.7763568394002505e-15}
{"kind":"auxiliary_validation","case":"reference-fast_low_lc-s5-a2","zero_rhs":0,"componentwise":4.8030936867142956e-17,"scaled_klu_difference":1.9984014443252818e-15}
{"kind":"auxiliary_validation","case":"reference-fast_low_lc-s6-a1","zero_rhs":0,"componentwise":6.7165300865446959e-17,"scaled_klu_difference":1.6653345369377348e-15}
{"kind":"auxiliary_validation","case":"reference-fast_low_lc-s6-a2","zero_rhs":0,"componentwise":4.8030936867142956e-17,"scaled_klu_difference":1.4432899320127035e-15}
{"kind":"auxiliary_validation","case":"reference-fast_low_lc-s7-a1","zero_rhs":0,"componentwise":5.1019298810397593e-17,"scaled_klu_difference":1.6653345369377348e-15}
{"kind":"auxiliary_validation","case":"reference-fast_low_lc-s7-a2","zero_rhs":0,"componentwise":6.7133210420707133e-17,"scaled_klu_difference":2.7755575615628914e-15}
{"kind":"auxiliary_validation","case":"reference-fast_low_lc-s0-a1","zero_rhs":1,"componentwise":0,"scaled_klu_difference":0}
{"kind":"auxiliary_validation","case":"reference-fast_low_lc-s0-a2","zero_rhs":1,"componentwise":0,"scaled_klu_difference":0}
{"kind":"auxiliary_validation","case":"reference-fast_low_lc-s1-a1","zero_rhs":1,"componentwise":0,"scaled_klu_difference":0}
{"kind":"auxiliary_validation","case":"reference-fast_low_lc-s1-a2","zero_rhs":1,"componentwise":0,"scaled_klu_difference":0}
{"kind":"auxiliary_validation","case":"reference-fast_low_lc-s2-a1","zero_rhs":1,"componentwise":0,"scaled_klu_difference":0}
{"kind":"auxiliary_validation","case":"reference-fast_low_lc-s2-a2","zero_rhs":1,"componentwise":0,"scaled_klu_difference":0}
{"kind":"auxiliary_validation","case":"reference-fast_low_lc-s3-a1","zero_rhs":1,"componentwise":0,"scaled_klu_difference":0}
{"kind":"auxiliary_validation","case":"reference-fast_low_lc-s3-a2","zero_rhs":1,"componentwise":0,"scaled_klu_difference":0}
{"kind":"auxiliary_validation","case":"reference-fast_low_lc-s4-a1","zero_rhs":1,"componentwise":0,"scaled_klu_difference":0}
{"kind":"auxiliary_validation","case":"reference-fast_low_lc-s4-a2","zero_rhs":1,"componentwise":0,"scaled_klu_difference":0}
{"kind":"auxiliary_validation","case":"reference-fast_low_lc-s5-a1","zero_rhs":1,"componentwise":0,"scaled_klu_difference":0}
{"kind":"auxiliary_validation","case":"reference-fast_low_lc-s5-a2","zero_rhs":1,"componentwise":0,"scaled_klu_difference":0}
{"kind":"auxiliary_validation","case":"reference-fast_low_lc-s6-a1","zero_rhs":1,"componentwise":0,"scaled_klu_difference":0}
{"kind":"auxiliary_validation","case":"reference-fast_low_lc-s6-a2","zero_rhs":1,"componentwise":0,"scaled_klu_difference":0}
{"kind":"auxiliary_validation","case":"reference-fast_low_lc-s7-a1","zero_rhs":1,"componentwise":0,"scaled_klu_difference":0}
{"kind":"auxiliary_validation","case":"reference-fast_low_lc-s7-a2","zero_rhs":1,"componentwise":0,"scaled_klu_difference":0}
{"kind":"auxiliary_validation","case":"reference-hot_high_c-s0-a1","zero_rhs":0,"componentwise":5.4409184046479404e-17,"scaled_klu_difference":5.5511151231257827e-16}
{"kind":"auxiliary_validation","case":"reference-hot_high_c-s0-a2","zero_rhs":0,"componentwise":4.8030936867142956e-17,"scaled_klu_difference":2.1094237467877974e-15}
{"kind":"auxiliary_validation","case":"reference-hot_high_c-s1-a1","zero_rhs":0,"componentwise":4.8030936867142956e-17,"scaled_klu_difference":9.9920072216264089e-16}
{"kind":"auxiliary_validation","case":"reference-hot_high_c-s1-a2","zero_rhs":0,"componentwise":4.8030936867142956e-17,"scaled_klu_difference":1.3322676295501878e-15}
{"kind":"auxiliary_validation","case":"reference-hot_high_c-s2-a1","zero_rhs":0,"componentwise":5.1019298810405463e-17,"scaled_klu_difference":5.1458837191376006e-14}
{"kind":"auxiliary_validation","case":"reference-hot_high_c-s2-a2","zero_rhs":0,"componentwise":4.8030936867142956e-17,"scaled_klu_difference":3.8857805861880479e-14}
{"kind":"auxiliary_validation","case":"reference-hot_high_c-s3-a1","zero_rhs":0,"componentwise":4.9230588845478719e-17,"scaled_klu_difference":1.4432899320127035e-15}
{"kind":"auxiliary_validation","case":"reference-hot_high_c-s3-a2","zero_rhs":0,"componentwise":4.8030936867142956e-17,"scaled_klu_difference":1.5765166949677223e-14}
{"kind":"auxiliary_validation","case":"reference-hot_high_c-s4-a1","zero_rhs":0,"componentwise":6.4972730103243675e-17,"scaled_klu_difference":1.9984014443252818e-15}
{"kind":"auxiliary_validation","case":"reference-hot_high_c-s4-a2","zero_rhs":0,"componentwise":4.8030936867142956e-17,"scaled_klu_difference":3.1086244689504383e-15}
{"kind":"auxiliary_validation","case":"reference-hot_high_c-s5-a1","zero_rhs":0,"componentwise":6.716530086542476e-17,"scaled_klu_difference":2.1094237467877974e-15}
{"kind":"auxiliary_validation","case":"reference-hot_high_c-s5-a2","zero_rhs":0,"componentwise":6.1788116339853817e-17,"scaled_klu_difference":3.1086244689504383e-15}
{"kind":"auxiliary_validation","case":"reference-hot_high_c-s6-a1","zero_rhs":0,"componentwise":5.1019298810403891e-17,"scaled_klu_difference":2.2759572004815709e-15}
{"kind":"auxiliary_validation","case":"reference-hot_high_c-s6-a2","zero_rhs":0,"componentwise":5.2149372975011272e-17,"scaled_klu_difference":2.886579864025407e-15}
{"kind":"auxiliary_validation","case":"reference-hot_high_c-s7-a1","zero_rhs":0,"componentwise":4.8030936867142956e-17,"scaled_klu_difference":1.9984014443252818e-15}
{"kind":"auxiliary_validation","case":"reference-hot_high_c-s7-a2","zero_rhs":0,"componentwise":4.8030936867142956e-17,"scaled_klu_difference":4.3298697960381105e-15}
{"kind":"auxiliary_validation","case":"reference-hot_high_c-s0-a1","zero_rhs":1,"componentwise":0,"scaled_klu_difference":0}
{"kind":"auxiliary_validation","case":"reference-hot_high_c-s0-a2","zero_rhs":1,"componentwise":0,"scaled_klu_difference":0}
{"kind":"auxiliary_validation","case":"reference-hot_high_c-s1-a1","zero_rhs":1,"componentwise":0,"scaled_klu_difference":0}
{"kind":"auxiliary_validation","case":"reference-hot_high_c-s1-a2","zero_rhs":1,"componentwise":0,"scaled_klu_difference":0}
{"kind":"auxiliary_validation","case":"reference-hot_high_c-s2-a1","zero_rhs":1,"componentwise":0,"scaled_klu_difference":0}
{"kind":"auxiliary_validation","case":"reference-hot_high_c-s2-a2","zero_rhs":1,"componentwise":0,"scaled_klu_difference":0}
{"kind":"auxiliary_validation","case":"reference-hot_high_c-s3-a1","zero_rhs":1,"componentwise":0,"scaled_klu_difference":0}
{"kind":"auxiliary_validation","case":"reference-hot_high_c-s3-a2","zero_rhs":1,"componentwise":0,"scaled_klu_difference":0}
{"kind":"auxiliary_validation","case":"reference-hot_high_c-s4-a1","zero_rhs":1,"componentwise":0,"scaled_klu_difference":0}
{"kind":"auxiliary_validation","case":"reference-hot_high_c-s4-a2","zero_rhs":1,"componentwise":0,"scaled_klu_difference":0}
{"kind":"auxiliary_validation","case":"reference-hot_high_c-s5-a1","zero_rhs":1,"componentwise":0,"scaled_klu_difference":0}
{"kind":"auxiliary_validation","case":"reference-hot_high_c-s5-a2","zero_rhs":1,"componentwise":0,"scaled_klu_difference":0}
{"kind":"auxiliary_validation","case":"reference-hot_high_c-s6-a1","zero_rhs":1,"componentwise":0,"scaled_klu_difference":0}
{"kind":"auxiliary_validation","case":"reference-hot_high_c-s6-a2","zero_rhs":1,"componentwise":0,"scaled_klu_difference":0}
{"kind":"auxiliary_validation","case":"reference-hot_high_c-s7-a1","zero_rhs":1,"componentwise":0,"scaled_klu_difference":0}
{"kind":"auxiliary_validation","case":"reference-hot_high_c-s7-a2","zero_rhs":1,"componentwise":0,"scaled_klu_difference":0}
{"kind":"auxiliary_validation","case":"reference-nominal-s0-a1","zero_rhs":0,"componentwise":5.3345812371323267e-17,"scaled_klu_difference":2.886579864025407e-15}
{"kind":"auxiliary_validation","case":"reference-nominal-s0-a2","zero_rhs":0,"componentwise":5.1019298810381125e-17,"scaled_klu_difference":3.6082248300317588e-16}
{"kind":"auxiliary_validation","case":"reference-nominal-s1-a1","zero_rhs":0,"componentwise":4.8030936867142956e-17,"scaled_klu_difference":8.8817841970012523e-16}
{"kind":"auxiliary_validation","case":"reference-nominal-s1-a2","zero_rhs":0,"componentwise":4.8737868445514062e-17,"scaled_klu_difference":1.6653345369377348e-15}
{"kind":"auxiliary_validation","case":"reference-nominal-s2-a1","zero_rhs":0,"componentwise":5.101929881040174e-17,"scaled_klu_difference":5.0515147620444623e-14}
{"kind":"auxiliary_validation","case":"reference-nominal-s2-a2","zero_rhs":0,"componentwise":4.8030936867142956e-17,"scaled_klu_difference":1.2345680033831741e-13}
{"kind":"auxiliary_validation","case":"reference-nominal-s3-a1","zero_rhs":0,"componentwise":5.1019298810394653e-17,"scaled_klu_difference":8.8817841970012523e-16}
{"kind":"auxiliary_validation","case":"reference-nominal-s3-a2","zero_rhs":0,"componentwise":6.7133210420691023e-17,"scaled_klu_difference":7.1054273576010019e-15}
{"kind":"auxiliary_validation","case":"reference-nominal-s4-a1","zero_rhs":0,"componentwise":4.9410807542556323e-17,"scaled_klu_difference":1.3322676295501878e-15}
{"kind":"auxiliary_validation","case":"reference-nominal-s4-a2","zero_rhs":0,"componentwise":4.8030936867142956e-17,"scaled_klu_difference":3.3306690738754696e-16}
{"kind":"auxiliary_validation","case":"reference-nominal-s5-a1","zero_rhs":0,"componentwise":4.9410807542556323e-17,"scaled_klu_difference":6.6613381477509392e-16}
{"kind":"auxiliary_validation","case":"reference-nominal-s5-a2","zero_rhs":0,"componentwise":5.4582838848709085e-17,"scaled_klu_difference":5.5511151231257827e-16}
{"kind":"auxiliary_validation","case":"reference-nominal-s6-a1","zero_rhs":0,"componentwise":5.1019298810424851e-17,"scaled_klu_difference":1.7763568394002505e-15}
{"kind":"auxiliary_validation","case":"reference-nominal-s6-a2","zero_rhs":0,"componentwise":5.3345812371352344e-17,"scaled_klu_difference":1.3322676295501878e-15}
{"kind":"auxiliary_validation","case":"reference-nominal-s7-a1","zero_rhs":0,"componentwise":5.1019298810418504e-17,"scaled_klu_difference":3.3306690738754696e-16}
{"kind":"auxiliary_validation","case":"reference-nominal-s7-a2","zero_rhs":0,"componentwise":4.8030936867142956e-17,"scaled_klu_difference":3.3306690738754696e-16}
{"kind":"auxiliary_validation","case":"reference-nominal-s0-a1","zero_rhs":1,"componentwise":0,"scaled_klu_difference":0}
{"kind":"auxiliary_validation","case":"reference-nominal-s0-a2","zero_rhs":1,"componentwise":0,"scaled_klu_difference":0}
{"kind":"auxiliary_validation","case":"reference-nominal-s1-a1","zero_rhs":1,"componentwise":0,"scaled_klu_difference":0}
{"kind":"auxiliary_validation","case":"reference-nominal-s1-a2","zero_rhs":1,"componentwise":0,"scaled_klu_difference":0}
{"kind":"auxiliary_validation","case":"reference-nominal-s2-a1","zero_rhs":1,"componentwise":0,"scaled_klu_difference":0}
{"kind":"auxiliary_validation","case":"reference-nominal-s2-a2","zero_rhs":1,"componentwise":0,"scaled_klu_difference":0}
{"kind":"auxiliary_validation","case":"reference-nominal-s3-a1","zero_rhs":1,"componentwise":0,"scaled_klu_difference":0}
{"kind":"auxiliary_validation","case":"reference-nominal-s3-a2","zero_rhs":1,"componentwise":0,"scaled_klu_difference":0}
{"kind":"auxiliary_validation","case":"reference-nominal-s4-a1","zero_rhs":1,"componentwise":0,"scaled_klu_difference":0}
{"kind":"auxiliary_validation","case":"reference-nominal-s4-a2","zero_rhs":1,"componentwise":0,"scaled_klu_difference":0}
{"kind":"auxiliary_validation","case":"reference-nominal-s5-a1","zero_rhs":1,"componentwise":0,"scaled_klu_difference":0}
{"kind":"auxiliary_validation","case":"reference-nominal-s5-a2","zero_rhs":1,"componentwise":0,"scaled_klu_difference":0}
{"kind":"auxiliary_validation","case":"reference-nominal-s6-a1","zero_rhs":1,"componentwise":0,"scaled_klu_difference":0}
{"kind":"auxiliary_validation","case":"reference-nominal-s6-a2","zero_rhs":1,"componentwise":0,"scaled_klu_difference":0}
{"kind":"auxiliary_validation","case":"reference-nominal-s7-a1","zero_rhs":1,"componentwise":0,"scaled_klu_difference":0}
{"kind":"auxiliary_validation","case":"reference-nominal-s7-a2","zero_rhs":1,"componentwise":0,"scaled_klu_difference":0}
========= RACECHECK SUMMARY: 0 hazards displayed (0 errors, 0 warnings)
