core_plan 105 617 42 23 24
core_plan 105 619 42 23 25
core_plan 105 619 42 23 25
core_plan 105 617 41 22 25
core_plan 105 617 41 22 25
core_plan 105 617 41 22 25
core_plan 105 611 41 23 24
core_plan 105 611 41 23 24
core_plan 105 609 41 23 24
core_plan 105 609 41 23 24
core_plan 105 611 41 23 24
core_plan 105 613 41 23 24
core_plan 105 611 41 23 24
core_plan 105 613 41 23 24
core_plan 105 619 42 23 25
core_plan 105 619 42 23 25
core_plan 105 619 42 23 25
core_plan 105 619 42 23 25
core_plan 105 619 42 23 25
core_plan 105 617 41 22 25
core_plan 105 617 41 22 25
core_plan 105 617 41 22 25
core_plan 105 609 41 23 24
core_plan 105 611 41 23 24
core_plan 105 609 41 23 24
core_plan 105 609 41 23 24
core_plan 105 613 41 23 24
core_plan 105 613 41 23 24
core_plan 105 613 41 23 24
core_plan 105 613 41 23 24
core_plan 105 619 42 23 25
core_plan 105 617 41 22 25
core_plan 105 617 42 23 24
core_plan 105 619 42 23 25
core_plan 105 619 42 23 25
core_plan 105 619 42 23 25
core_plan 105 604 42 24 24
core_plan 105 609 41 22 25
core_plan 105 615 41 22 24
core_plan 105 615 41 22 24
core_plan 105 609 41 23 24
core_plan 105 609 41 23 24
core_plan 105 611 41 23 24
core_plan 105 613 41 23 24
core_plan 105 611 41 23 24
core_plan 105 613 41 23 24
core_plan 105 619 42 23 25
core_plan 105 619 42 23 25
core_plan 105 616 42 23 24
core_plan 105 616 42 23 24
core_plan 105 619 42 23 25
core_plan 105 617 41 22 25
core_plan 105 617 41 22 25
core_plan 105 617 41 22 25
core_plan 105 611 41 23 24
core_plan 105 611 41 23 24
core_plan 105 609 41 23 24
core_plan 105 609 41 23 24
core_plan 105 613 41 23 24
core_plan 105 613 41 23 24
core_plan 105 613 41 23 24
core_plan 105 613 41 23 24
core_plan 105 619 42 23 25
core_plan 105 619 42 23 25
core_plan 105 616 42 23 24
core_plan 105 616 42 23 24
core_plan 105 619 42 23 25
core_plan 105 617 41 22 25
core_plan 105 617 41 22 25
core_plan 105 613 42 24 24
core_plan 105 609 41 23 24
core_plan 105 611 41 23 24
core_plan 105 611 41 23 24
core_plan 105 609 41 23 24
core_plan 105 613 41 23 24
core_plan 105 613 41 23 24
core_plan 105 613 41 23 24
core_plan 105 613 41 23 24
core_plan 105 619 42 23 25
core_plan 105 619 42 23 25
core_plan 105 616 42 23 24
core_plan 105 616 42 23 24
core_plan 105 619 42 23 25
core_plan 105 619 42 23 25
core_plan 105 617 41 22 25
core_plan 105 617 41 22 25
core_plan 105 615 41 22 24
core_plan 105 615 41 22 24
core_plan 105 609 41 23 24
core_plan 105 609 41 23 24
core_plan 105 613 41 23 24
core_plan 105 613 41 23 24
core_plan 105 613 41 23 24
core_plan 105 613 41 23 24
core_plan 105 617 41 22 25
core_plan 105 617 41 22 25
core_plan 105 617 42 23 24
core_plan 105 619 42 23 25
core_plan 105 619 42 23 25
core_plan 105 617 41 22 25
core_plan 105 608 41 22 25
core_plan 105 607 41 22 25
core_plan 105 611 41 23 24
core_plan 105 602 41 23 24
core_plan 105 609 41 23 24
core_plan 105 609 41 23 24
core_plan 105 611 41 23 24
core_plan 105 613 41 23 24
core_plan 105 611 41 23 24
core_plan 105 613 41 23 24
core_plan 105 617 42 23 24
core_plan 105 619 42 23 25
core_plan 105 619 42 23 25
core_plan 105 619 42 23 25
core_plan 105 619 42 23 25
core_plan 105 608 41 22 25
core_plan 105 608 41 22 25
core_plan 105 607 41 22 25
core_plan 105 609 41 23 24
core_plan 105 602 41 23 24
core_plan 105 609 41 23 24
core_plan 105 609 41 23 24
core_plan 105 613 41 23 24
core_plan 105 613 41 23 24
core_plan 105 613 41 23 24
core_plan 105 613 41 23 24
core_plan 105 619 42 23 25
core_plan 105 619 42 23 25
core_plan 105 617 42 23 24
core_plan 105 619 42 23 25
core_plan 105 619 42 23 25
core_plan 105 619 42 23 25
core_plan 105 603 42 24 24
core_plan 105 608 41 22 25
core_plan 105 606 41 22 24
core_plan 105 605 41 22 24
core_plan 105 609 41 23 24
core_plan 105 609 41 23 24
core_plan 105 611 41 23 24
core_plan 105 613 41 23 24
core_plan 105 611 41 23 24
core_plan 105 613 41 23 24
core_plan 105 619 42 23 25
core_plan 105 619 42 23 25
core_plan 105 617 41 22 25
core_plan 105 617 41 22 25
core_plan 105 604 42 24 24
core_plan 105 617 41 22 25
core_plan 105 617 41 22 25
core_plan 105 617 41 22 25
core_plan 105 608 41 22 25
core_plan 105 608 41 22 25
core_plan 105 603 42 24 24
core_plan 105 617 41 22 25
core_plan 105 617 41 22 25
core_plan 105 604 42 24 24
core_plan 105 617 41 22 25
core_plan 105 617 41 22 25
core_plan 105 617 41 22 25
core_plan 105 608 41 22 25
