{"lane": "cpu", "elapsed_s": 15.018248626030982, "observed_complete_records": 212480, "last_observed_time_s": 9.150085004506041e-05, "file_bytes": 45896280}
{"lane": "cpu", "elapsed_s": 30.033939553017262, "observed_complete_records": 419896, "last_observed_time_s": 0.00018125802901477542, "file_bytes": 90698328}
{"lane": "cpu", "wall_s": 32.94667932600714, "child_cpu_s": 32.907388, "returncode": 0, "diagnostic_timeout": false, "program_completed": true, "frozen_job_wall_limit_s": 120, "frozen_wall_gate_pass": true, "frozen_cpu_gate_pass": true, "status": "complete", "binary_sha256": "4a3387525d3b26f3698e4f9550482c668408c44038b1ddbc9f4b2bcfe2a8d4d5"}
{"lane": "gpu", "elapsed_s": 15.017288857954554, "observed_complete_records": 32412, "last_observed_time_s": 5.474678434483893e-06, "file_bytes": 7001592}
{"lane": "gpu", "elapsed_s": 30.0219836839824, "observed_complete_records": 59050, "last_observed_time_s": 1.6035523582195705e-05, "file_bytes": 12755400}
{"lane": "gpu", "elapsed_s": 45.04808266996406, "observed_complete_records": 83674, "last_observed_time_s": 2.613192488380749e-05, "file_bytes": 18074184}
{"lane": "gpu", "elapsed_s": 60.055977707961574, "observed_complete_records": 114340, "last_observed_time_s": 4.0815178029536434e-05, "file_bytes": 24698040}
{"lane": "gpu", "elapsed_s": 75.07187263196101, "observed_complete_records": 137976, "last_observed_time_s": 4.938526594988147e-05, "file_bytes": 29803416}
{"lane": "gpu", "elapsed_s": 90.0873642519582, "observed_complete_records": 162334, "last_observed_time_s": 6.10660190289172e-05, "file_bytes": 35064744}
{"lane": "gpu", "elapsed_s": 105.10287616495043, "observed_complete_records": 187072, "last_observed_time_s": 7.109559652061522e-05, "file_bytes": 40408152}
{"lane": "gpu", "elapsed_s": 120.11838901694864, "observed_complete_records": 209644, "last_observed_time_s": 8.129011300460299e-05, "file_bytes": 45283704}
{"lane": "gpu", "elapsed_s": 135.1449085379718, "observed_complete_records": 233394, "last_observed_time_s": 9.131781587439244e-05, "file_bytes": 50413704}
{"lane": "gpu", "elapsed_s": 150.16044818097726, "observed_complete_records": 257524, "last_observed_time_s": 0.00010172597008787415, "file_bytes": 55625784}
{"lane": "gpu", "elapsed_s": 165.1760607889737, "observed_complete_records": 284618, "last_observed_time_s": 0.00011451273840109074, "file_bytes": 61478088}
{"lane": "gpu", "elapsed_s": 180.19163689995185, "observed_complete_records": 309090, "last_observed_time_s": 0.00012453933963482288, "file_bytes": 66764040}
{"lane": "gpu", "elapsed_s": 195.2071747139562, "observed_complete_records": 334208, "last_observed_time_s": 0.00013599477021670927, "file_bytes": 72189528}
{"lane": "gpu", "elapsed_s": 210.22273421299178, "observed_complete_records": 358338, "last_observed_time_s": 0.0001458876401664451, "file_bytes": 77401608}
{"lane": "gpu", "elapsed_s": 225.23832773294998, "observed_complete_records": 382810, "last_observed_time_s": 0.00015629393580465797, "file_bytes": 82687560}
{"lane": "gpu", "elapsed_s": 240.2539208669914, "observed_complete_records": 406408, "last_observed_time_s": 0.00016607381008989922, "file_bytes": 87784728}
{"lane": "gpu", "elapsed_s": 255.26961376599502, "observed_complete_records": 431564, "last_observed_time_s": 0.00017684697551150798, "file_bytes": 93218424}
{"lane": "gpu", "elapsed_s": 270.2851954679936, "observed_complete_records": 455808, "last_observed_time_s": 0.00018656541405258679, "file_bytes": 98455128}
{"lane": "gpu", "elapsed_s": 285.3007642349694, "observed_complete_records": 481154, "last_observed_time_s": 0.00019891597660364117, "file_bytes": 103929864}
{"lane": "gpu", "wall_s": 286.3491147389868, "child_cpu_s": 8.580207999999999, "returncode": 0, "diagnostic_timeout": false, "program_completed": true, "frozen_job_wall_limit_s": 120, "frozen_wall_gate_pass": false, "frozen_cpu_gate_pass": true, "status": "resource_limit", "binary_sha256": "99494c3fdd98454755cc68807ffb733b9ecaf35518589a21710f34a5b8b40a9c"}
{"physical_comparison_pass": true, "acceptance_pass": false}
