{"lane": "cpu", "elapsed_s": 15.017023633001372, "observed_complete_records": 211986, "last_observed_time_s": 9.120025642047686e-05, "file_bytes": 45789784}
{"lane": "cpu", "elapsed_s": 30.03272667201236, "observed_complete_records": 419783, "last_observed_time_s": 0.00018123364948142358, "file_bytes": 90673752}
{"lane": "cpu", "wall_s": 33.01040222303709, "child_cpu_s": 32.947576999999995, "returncode": 0, "diagnostic_timeout": false, "program_completed": true, "frozen_job_wall_limit_s": 120, "frozen_wall_gate_pass": true, "frozen_cpu_gate_pass": true, "status": "complete", "binary_sha256": "4a3387525d3b26f3698e4f9550482c668408c44038b1ddbc9f4b2bcfe2a8d4d5"}
{"lane": "gpu", "elapsed_s": 15.017225757008418, "observed_complete_records": 24318, "last_observed_time_s": 4.187539881139692e-06, "file_bytes": 5253288}
{"lane": "gpu", "elapsed_s": 30.03285295504611, "observed_complete_records": 48524, "last_observed_time_s": 9.848985669572906e-06, "file_bytes": 10481784}
{"lane": "gpu", "elapsed_s": 45.04841531004058, "observed_complete_records": 71096, "last_observed_time_s": 2.1030191824001294e-05, "file_bytes": 15357336}
{"lane": "gpu", "elapsed_s": 60.06415869202465, "observed_complete_records": 90134, "last_observed_time_s": 2.7466702768153334e-05, "file_bytes": 19469544}
{"lane": "gpu", "elapsed_s": 75.07996332400944, "observed_complete_records": 115898, "last_observed_time_s": 4.088709090199819e-05, "file_bytes": 25034568}
{"lane": "gpu", "elapsed_s": 90.09547857899452, "observed_complete_records": 134936, "last_observed_time_s": 4.705699187775545e-05, "file_bytes": 29146776}
{"lane": "gpu", "elapsed_s": 105.11098224302987, "observed_complete_records": 157052, "last_observed_time_s": 5.8305214500126474e-05, "file_bytes": 33923832}
{"lane": "gpu", "elapsed_s": 120.1265101240133, "observed_complete_records": 176470, "last_observed_time_s": 6.611056731863942e-05, "file_bytes": 38118120}
{"lane": "gpu", "elapsed_s": 135.14207649801392, "observed_complete_records": 197332, "last_observed_time_s": 7.60151608416643e-05, "file_bytes": 42624312}
{"lane": "gpu", "elapsed_s": 150.1576003350201, "observed_complete_records": 215458, "last_observed_time_s": 8.278760982741283e-05, "file_bytes": 46539528}
{"lane": "gpu", "elapsed_s": 165.17314758803695, "observed_complete_records": 235598, "last_observed_time_s": 9.20233967282697e-05, "file_bytes": 50889768}
{"lane": "gpu", "elapsed_s": 180.18869343400002, "observed_complete_records": 256004, "last_observed_time_s": 0.00010113607027122432, "file_bytes": 55297464}
{"lane": "gpu", "elapsed_s": 195.19280778599204, "observed_complete_records": 276030, "last_observed_time_s": 0.00010856557633809131, "file_bytes": 59623080}
{"lane": "gpu", "elapsed_s": 210.21899026399478, "observed_complete_records": 298336, "last_observed_time_s": 0.00012015011170767059, "file_bytes": 64441176}
{"lane": "gpu", "elapsed_s": 225.23454199603293, "observed_complete_records": 316842, "last_observed_time_s": 0.0001264798120299359, "file_bytes": 68438472}
{"lane": "gpu", "elapsed_s": 240.23867542401422, "observed_complete_records": 338160, "last_observed_time_s": 0.00013654289950675274, "file_bytes": 73043160}
{"lane": "gpu", "elapsed_s": 255.2542069380288, "observed_complete_records": 357958, "last_observed_time_s": 0.00014531622205097872, "file_bytes": 77319528}
{"lane": "gpu", "elapsed_s": 270.28070918202866, "observed_complete_records": 378592, "last_observed_time_s": 0.0001546269682095826, "file_bytes": 81776472}
{"lane": "gpu", "elapsed_s": 285.2962597529986, "observed_complete_records": 397250, "last_observed_time_s": 0.00016170746119856195, "file_bytes": 85806600}
{"lane": "gpu", "elapsed_s": 300.3118434190401, "observed_complete_records": 417846, "last_observed_time_s": 0.00016995772041681926, "file_bytes": 90255336}
{"lane": "gpu", "elapsed_s": 315.32741567102494, "observed_complete_records": 439506, "last_observed_time_s": 0.00018086578799209383, "file_bytes": 94933896}
{"lane": "gpu", "elapsed_s": 330.3429984640097, "observed_complete_records": 458354, "last_observed_time_s": 0.00018693574754300297, "file_bytes": 99005064}
{"lane": "gpu", "elapsed_s": 345.3587341470411, "observed_complete_records": 479824, "last_observed_time_s": 0.0001974297450570993, "file_bytes": 103642584}
{"lane": "gpu", "wall_s": 348.19458438502625, "child_cpu_s": 10.505705000000003, "returncode": 0, "diagnostic_timeout": false, "program_completed": true, "frozen_job_wall_limit_s": 120, "frozen_wall_gate_pass": false, "frozen_cpu_gate_pass": true, "status": "resource_limit", "binary_sha256": "4495d0554a7ec05700c1e7cb244d234acae6959bc056a7409bc993d246c5c580"}
{"physical_comparison_pass": true, "acceptance_pass": false}
