{
  "pass": true,
  "runs": [
    {
      "run": "run-1",
      "metadata_sha256": "5637b3f57ba1825946faa814c96f36f24be3b5a5e5c9b5534529847ea2c1006f",
      "terminal_sha256": "82bde66cfc0d46a7fefb028f4a2063463d15a4c726c0de10bbbc0275118c37f2",
      "source_files": 25,
      "native_artifacts": 8,
      "pass": true
    },
    {
      "run": "run-2",
      "metadata_sha256": "eb05349441bdb286a09442a08980cbb56f75e35c8650caabaf1021866ecd31b7",
      "terminal_sha256": "ec4f149deabc21bd24b3d8052684a0162689c2dc4b017f2a38003c273478df9f",
      "source_files": 25,
      "native_artifacts": 8,
      "pass": true
    }
  ]
}
