light-nominal audited
light-fast_low_lc audited
light-hot_high_c audited
boundary-nominal audited
boundary-fast_low_lc audited
boundary-hot_high_c audited
reference-nominal audited
reference-fast_low_lc audited
reference-hot_high_c audited
{
  "jobs": 30,
  "role_checks": 9,
  "role_failures": 0,
  "qualification_checks": 40,
  "qualification_failures": 0,
  "original_spectral_failed_bins": 0,
  "spectral_comparisons": 144,
  "waveform_failed": 0,
  "waveform_comparisons": 216,
  "settling_failed": 0,
  "metric_mismatches": 0,
  "all_bin_max_delta_uA": 42.35667708948725,
  "pass": true
}
