light-nominal audited
light-fast_low_lc audited
light-hot_high_c audited
boundary-nominal audited
boundary-fast_low_lc audited
boundary-hot_high_c audited
reference-nominal audited
reference-fast_low_lc audited
reference-hot_high_c audited
Traceback (most recent call last):
  File "/home/adam/code/ohmnivore/docs/evidence/emi01-v2/review/independent_numerical_review.py", line 828, in <module>
    output.write_text(json.dumps(report, indent=2) + "\n")
                      ^^^^^^^^^^^^^^^^^^^^^^^^^^^^
  File "/home/adam/.cache/bazel/_bazel_adam/cache/repos/v1/contents/4027c89d7de7ff66d163a86d2b76b517697614036fc75a66c8d395dcef8aec2f/0b5a486c-9ca6-4a34-96a1-5bfe7917d4af/lib/python3.12/json/__init__.py", line 238, in dumps
    **kw).encode(obj)
          ^^^^^^^^^^^
  File "/home/adam/.cache/bazel/_bazel_adam/cache/repos/v1/contents/4027c89d7de7ff66d163a86d2b76b517697614036fc75a66c8d395dcef8aec2f/0b5a486c-9ca6-4a34-96a1-5bfe7917d4af/lib/python3.12/json/encoder.py", line 202, in encode
    chunks = list(chunks)
             ^^^^^^^^^^^^
  File "/home/adam/.cache/bazel/_bazel_adam/cache/repos/v1/contents/4027c89d7de7ff66d163a86d2b76b517697614036fc75a66c8d395dcef8aec2f/0b5a486c-9ca6-4a34-96a1-5bfe7917d4af/lib/python3.12/json/encoder.py", line 432, in _iterencode
    yield from _iterencode_dict(o, _current_indent_level)
  File "/home/adam/.cache/bazel/_bazel_adam/cache/repos/v1/contents/4027c89d7de7ff66d163a86d2b76b517697614036fc75a66c8d395dcef8aec2f/0b5a486c-9ca6-4a34-96a1-5bfe7917d4af/lib/python3.12/json/encoder.py", line 406, in _iterencode_dict
    yield from chunks
  File "/home/adam/.cache/bazel/_bazel_adam/cache/repos/v1/contents/4027c89d7de7ff66d163a86d2b76b517697614036fc75a66c8d395dcef8aec2f/0b5a486c-9ca6-4a34-96a1-5bfe7917d4af/lib/python3.12/json/encoder.py", line 326, in _iterencode_list
    yield from chunks
  File "/home/adam/.cache/bazel/_bazel_adam/cache/repos/v1/contents/4027c89d7de7ff66d163a86d2b76b517697614036fc75a66c8d395dcef8aec2f/0b5a486c-9ca6-4a34-96a1-5bfe7917d4af/lib/python3.12/json/encoder.py", line 406, in _iterencode_dict
    yield from chunks
  File "/home/adam/.cache/bazel/_bazel_adam/cache/repos/v1/contents/4027c89d7de7ff66d163a86d2b76b517697614036fc75a66c8d395dcef8aec2f/0b5a486c-9ca6-4a34-96a1-5bfe7917d4af/lib/python3.12/json/encoder.py", line 406, in _iterencode_dict
    yield from chunks
  File "/home/adam/.cache/bazel/_bazel_adam/cache/repos/v1/contents/4027c89d7de7ff66d163a86d2b76b517697614036fc75a66c8d395dcef8aec2f/0b5a486c-9ca6-4a34-96a1-5bfe7917d4af/lib/python3.12/json/encoder.py", line 406, in _iterencode_dict
    yield from chunks
  File "/home/adam/.cache/bazel/_bazel_adam/cache/repos/v1/contents/4027c89d7de7ff66d163a86d2b76b517697614036fc75a66c8d395dcef8aec2f/0b5a486c-9ca6-4a34-96a1-5bfe7917d4af/lib/python3.12/json/encoder.py", line 439, in _iterencode
    o = _default(o)
        ^^^^^^^^^^^
  File "/home/adam/.cache/bazel/_bazel_adam/cache/repos/v1/contents/4027c89d7de7ff66d163a86d2b76b517697614036fc75a66c8d395dcef8aec2f/0b5a486c-9ca6-4a34-96a1-5bfe7917d4af/lib/python3.12/json/encoder.py", line 180, in default
    raise TypeError(f'Object of type {o.__class__.__name__} '
TypeError: Object of type bool is not JSON serializable
