INFO: Options provided by the client:
  Inherited 'common' options: --isatty=0 --terminal_columns=80
INFO: Reading rc options for 'build' from /home/adam/code/ohmnivore/.bazelrc:
  Inherited 'common' options: --announce_rc --repo_env=BAZEL_DO_NOT_DETECT_CPP_TOOLCHAIN=1 --repo_env=BAZEL_NO_APPLE_CPP_TOOLCHAIN=1
INFO: Reading rc options for 'build' from /home/adam/code/ohmnivore/.bazelrc:
  'build' options: --cxxopt=-std=c++20 --spawn_strategy=sandboxed
INFO: Found applicable config definition build:cuda in file /home/adam/code/ohmnivore/.bazelrc: --@rules_cuda//cuda:enable=True --@rules_cuda//cuda:compiler=nvcc --@rules_cuda//cuda:archs=compute_120:compute_120,sm_120 --@rules_cuda//cuda:runtime=@cuda//:cuda_runtime_static --extra_toolchains=@ohmnivore_cuda_gcc15//:cc_toolchain --linkopt=-static-libstdc++ --linkopt=-static-libgcc
Computing main repo mapping: 
Loading: 
Loading: 0 packages loaded
WARNING: Build options --@@rules_cuda+//cuda:archs, --@@rules_cuda+//cuda:runtime, --compilation_mode, and 2 more have changed, discarding analysis cache (this can be expensive, see https://bazel.build/advanced/performance/iteration-speed).
Analyzing: 2 targets (0 packages loaded, 0 targets configured)
Analyzing: 2 targets (0 packages loaded, 0 targets configured)

INFO: Analyzed 2 targets (1 packages loaded, 2395 targets configured).
[108 / 125] [Scann] Compiling COLAMD/Source/colamd_version.c
[112 / 130] [Scann] Compiling BTF/Source/btf_version.c
[119 / 144] [Scann] Compiling AMD/Source/amd_valid.c
[123 / 144] [Scann] Compiling AMD/Source/amd_order.c
[126 / 144] [Scann] Compiling AMD/Source/amd_defaults.c
[130 / 144] Compiling AMD/Source/amd_1.c; 0s linux-sandbox
INFO: From Compiling KLU/Source/klu_z_sort.c:
In file included from external/+http_archive+suitesparse_7_12_3/KLU/Source/klu_z_sort.c:10:
external/+http_archive+suitesparse_7_12_3/KLU/Source/klu_sort.c: In function 'klu_z_sort':
external/+http_archive+suitesparse_7_12_3/KLU/Source/klu_sort.c:107:9: warning: variable 'n' set but not used [-Wunused-but-set-variable]
  107 |     Int n, nk, nz, block, nblocks, maxblock, k1 ;
      |         ^
INFO: From Compiling KLU/Source/klu_z_kernel.c:
In file included from external/+http_archive+suitesparse_7_12_3/KLU/Source/klu_z_kernel.c:10:
external/+http_archive+suitesparse_7_12_3/KLU/Source/klu_kernel.c: In function 'prune':
external/+http_archive+suitesparse_7_12_3/KLU/Source/klu_kernel.c:543:17: warning: variable 'Ux' set but not used [-Wunused-but-set-variable]
  543 |     Entry *Lx, *Ux ;
      |                 ^~
[141 / 175] [Scann] Compiling KLU/Source/klu_z_extract.c
INFO: From Compiling KLU/Source/klu_z_diagnostics.c:
In file included from external/+http_archive+suitesparse_7_12_3/KLU/Source/klu_z_diagnostics.c:10:
external/+http_archive+suitesparse_7_12_3/KLU/Source/klu_diagnostics.c: In function 'klu_z_rgrowth':
external/+http_archive+suitesparse_7_12_3/KLU/Source/klu_diagnostics.c:43:14: warning: variable 'Ui' set but not used [-Wunused-but-set-variable]
   43 |     Int *Q, *Ui, *Uip, *Ulen, *Pinv ;
      |              ^~
[147 / 175] [Scann] Compiling KLU/Source/klu_sort.c
INFO: From Compiling KLU/Source/klu_sort.c:
external/+http_archive+suitesparse_7_12_3/KLU/Source/klu_sort.c: In function 'klu_sort':
external/+http_archive+suitesparse_7_12_3/KLU/Source/klu_sort.c:107:9: warning: variable 'n' set but not used [-Wunused-but-set-variable]
  107 |     Int n, nk, nz, block, nblocks, maxblock, k1 ;
      |         ^
[151 / 175] [Scann] Compiling KLU/Source/klu_memory.c
INFO: From Compiling KLU/Source/klu_kernel.c:
external/+http_archive+suitesparse_7_12_3/KLU/Source/klu_kernel.c: In function 'prune':
external/+http_archive+suitesparse_7_12_3/KLU/Source/klu_kernel.c:543:17: warning: variable 'Ux' set but not used [-Wunused-but-set-variable]
  543 |     Entry *Lx, *Ux ;
      |                 ^~
INFO: From Compiling KLU/Source/klu_diagnostics.c:
external/+http_archive+suitesparse_7_12_3/KLU/Source/klu_diagnostics.c: In function 'klu_rgrowth':
external/+http_archive+suitesparse_7_12_3/KLU/Source/klu_diagnostics.c:43:14: warning: variable 'Ui' set but not used [-Wunused-but-set-variable]
   43 |     Int *Q, *Ui, *Uip, *Ulen, *Pinv ;
      |              ^~
[183 / 189] [Prepa] Compiling cuda/emi03_resident.cu
[183 / 189] Compiling cuda/emi03_resident.cu; 1s linux-sandbox
[183 / 189] Compiling cuda/emi03_resident.cu; 10s linux-sandbox
[184 / 189] [Prepa] Linking cuda/libemi03_cuda.a
[185 / 189] Linking cuda/emi03_resident_test; 1s linux-sandbox
[186 / 189] [Prepa] runfiles for //cuda:emi03_resident_test
[187 / 189] Linking cuda/emi03_resident_worker; 1s linux-sandbox
[188 / 189] [Prepa] runfiles for //cuda:emi03_resident_worker
INFO: Found 2 targets...
INFO: Elapsed time: 39.898s, Critical Path: 23.61s
INFO: 57 processes: 132 action cache hit, 3 internal, 54 linux-sandbox.
INFO: Build completed successfully, 57 total actions
