INFO: Options provided by the client:
  Inherited 'common' options: --isatty=0 --terminal_columns=80
INFO: Reading rc options for 'build' from /home/adam/code/ohmnivore/.bazelrc:
  Inherited 'common' options: --announce_rc --repo_env=BAZEL_DO_NOT_DETECT_CPP_TOOLCHAIN=1 --repo_env=BAZEL_NO_APPLE_CPP_TOOLCHAIN=1
INFO: Reading rc options for 'build' from /home/adam/code/ohmnivore/.bazelrc:
  'build' options: --cxxopt=-std=c++20 --spawn_strategy=sandboxed
INFO: Found applicable config definition build:cuda in file /home/adam/code/ohmnivore/.bazelrc: --@rules_cuda//cuda:enable=True --@rules_cuda//cuda:compiler=nvcc --@rules_cuda//cuda:archs=compute_120:compute_120,sm_120 --@rules_cuda//cuda:runtime=@cuda//:cuda_runtime_static --extra_toolchains=@ohmnivore_cuda_gcc15//:cc_toolchain --linkopt=-static-libstdc++ --linkopt=-static-libgcc
Computing main repo mapping: 
Loading: 
Loading: 0 packages loaded
WARNING: Build options --@@rules_cuda+//cuda:archs, --@@rules_cuda+//cuda:runtime, --compilation_mode, and 2 more have changed, discarding analysis cache (this can be expensive, see https://bazel.build/advanced/performance/iteration-speed).
Analyzing: target //cuda:emi03_selected_matrix_probe (1 packages loaded, 0 targets configured)
Analyzing: target //cuda:emi03_selected_matrix_probe (1 packages loaded, 0 targets configured)

INFO: Analyzed target //cuda:emi03_selected_matrix_probe (5 packages loaded, 1273 targets configured).
[87 / 91] [Prepa] Compiling cuda/emi03_selected_matrix_probe.cu
[87 / 91] Compiling cuda/emi03_selected_matrix_probe.cu; 1s linux-sandbox
[87 / 91] Compiling cuda/emi03_selected_matrix_probe.cu; 10s linux-sandbox
INFO: From Compiling cuda/emi03_selected_matrix_probe.cu:
cuda/emi03_selected_matrix_probe.cu(359): warning #1556-D: name linkage conflicts with previous declaration of variable "ohmnivore::<unnamed>::storage" (declared at line 1384 of ./cuda/emi03_resident_device.cuh)
    extern __attribute__((shared)) double storage[];
                                          ^

Remark: The warnings can be suppressed with "-diag-suppress <warning-number>"

cuda/emi03_selected_matrix_probe.cu(359): warning #1556-D: name linkage conflicts with previous declaration of variable "ohmnivore::<unnamed>::storage" (declared at line 1384 of ./cuda/emi03_resident_device.cuh)
    extern __attribute__((shared)) double storage[];
                                          ^

Remark: The warnings can be suppressed with "-diag-suppress <warning-number>"

[88 / 91] [Prepa] Linking cuda/libemi03_selected_matrix_probe_impl.a
[89 / 91] Linking cuda/emi03_selected_matrix_probe; 1s linux-sandbox
[90 / 91] [Prepa] runfiles for //cuda:emi03_selected_matrix_probe
INFO: Found 1 target...
Target //cuda:emi03_selected_matrix_probe up-to-date:
  bazel-bin/cuda/emi03_selected_matrix_probe
INFO: Elapsed time: 24.265s, Critical Path: 23.01s
INFO: 8 processes: 83 action cache hit, 5 internal, 3 linux-sandbox.
INFO: Build completed successfully, 8 total actions
