resident resources registers=106 local=0 shared=7904 dynamic=87984 nodes=892 programs=60 levels=14/27/34
resident plans=5 sparse retries=0 dense=20 terms=879 metadata=1
resident breakdown value=542007426 ad=293430733 factor_prepare=159474464 forward=725578389 residual=563439603
resident chord iterations=7432 refreshes=851
resident expression cache hits=6696
resident n=185 fill=885 expression=996390543 factor=1030221728 triangular=1785230191 total=5496850484
resident resources registers=106 local=0 shared=7904 dynamic=87984 nodes=892 programs=60 levels=14/27/34
resident plans=5 sparse retries=0 dense=20 terms=879 metadata=1
resident breakdown value=547395684 ad=294277596 factor_prepare=158718656 forward=724816811 residual=562930729
resident chord iterations=7421 refreshes=846
resident expression cache hits=6694
resident n=185 fill=885 expression=995053528 factor=1027272835 triangular=1783295529 total=5488624182
resident resources registers=106 local=0 shared=7904 dynamic=87984 nodes=892 programs=60 levels=14/27/34
resident plans=5 sparse retries=0 dense=20 terms=879 metadata=1
resident breakdown value=536381613 ad=290248185 factor_prepare=158802444 forward=724745358 residual=563426355
resident chord iterations=7432 refreshes=851
resident expression cache hits=6696
resident n=185 fill=885 expression=982117066 factor=1028803065 triangular=1783809943 total=5487425269
resident resources registers=106 local=0 shared=7904 dynamic=87984 nodes=892 programs=60 levels=14/27/34
resident plans=5 sparse retries=0 dense=20 terms=879 metadata=1
resident breakdown value=543802086 ad=292815992 factor_prepare=158698659 forward=725428785 residual=563692312
resident chord iterations=7432 refreshes=851
resident expression cache hits=6696
resident n=185 fill=885 expression=993948232 factor=1027470551 triangular=1785157377 total=5478442151
resident resources registers=106 local=0 shared=7904 dynamic=87984 nodes=892 programs=60 levels=14/27/34
resident plans=5 sparse retries=0 dense=19 terms=879 metadata=1
resident breakdown value=542531172 ad=293974884 factor_prepare=159518828 forward=724932716 residual=562971837
resident chord iterations=7425 refreshes=843
resident expression cache hits=6695
resident n=185 fill=885 expression=994305625 factor=1027685951 triangular=1783869087 total=5487390849
resident resources registers=106 local=0 shared=7904 dynamic=87984 nodes=892 programs=60 levels=14/27/34
resident plans=5 sparse retries=0 dense=20 terms=879 metadata=1
resident breakdown value=541905261 ad=293030093 factor_prepare=158560836 forward=724227226 residual=563521604
resident chord iterations=7421 refreshes=846
resident expression cache hits=6694
resident n=185 fill=885 expression=989406986 factor=1027674267 triangular=1783043244 total=5483842152
resident resources registers=106 local=0 shared=7904 dynamic=87984 nodes=892 programs=60 levels=14/27/34
resident plans=5 sparse retries=0 dense=20 terms=879 metadata=1
resident breakdown value=541672278 ad=291690898 factor_prepare=158987792 forward=725490411 residual=564343766
resident chord iterations=7443 refreshes=854
resident expression cache hits=6695
resident n=185 fill=885 expression=993823923 factor=1029141811 triangular=1786358730 total=5494944532
resident resources registers=106 local=0 shared=7904 dynamic=87984 nodes=892 programs=60 levels=14/27/34
resident plans=5 sparse retries=0 dense=20 terms=879 metadata=1
resident breakdown value=546172101 ad=293999463 factor_prepare=159476037 forward=724315037 residual=563247296
resident chord iterations=7432 refreshes=846
resident expression cache hits=6695
resident n=185 fill=885 expression=1000416607 factor=1028147988 triangular=1782504337 total=5495610998
resident resources registers=106 local=0 shared=7904 dynamic=87984 nodes=892 programs=60 levels=14/27/34
resident plans=5 sparse retries=0 dense=20 terms=879 metadata=1
resident breakdown value=532636687 ad=288417083 factor_prepare=159332154 forward=723027313 residual=562909075
resident chord iterations=7421 refreshes=846
resident expression cache hits=6694
resident n=185 fill=885 expression=975471218 factor=1028264846 triangular=1780160371 total=5478013669
resident resources registers=106 local=0 shared=7904 dynamic=87984 nodes=892 programs=60 levels=14/27/34
resident plans=5 sparse retries=0 dense=19 terms=879 metadata=1
resident breakdown value=532842532 ad=291144141 factor_prepare=158875255 forward=724445126 residual=562673900
resident chord iterations=7424 refreshes=844
resident expression cache hits=6697
resident n=185 fill=885 expression=981007684 factor=1027653169 triangular=1781740616 total=5488336124
resident resources registers=106 local=0 shared=7904 dynamic=87984 nodes=892 programs=60 levels=14/27/34
resident plans=5 sparse retries=0 dense=20 terms=879 metadata=1
resident breakdown value=529017561 ad=291237922 factor_prepare=160008494 forward=727571831 residual=564996633
resident chord iterations=7461 refreshes=860
resident expression cache hits=6694
resident n=185 fill=885 expression=983774895 factor=1033093944 triangular=1789226171 total=5514022451
resident resources registers=106 local=0 shared=7904 dynamic=87984 nodes=892 programs=60 levels=14/27/34
resident plans=5 sparse retries=0 dense=20 terms=879 metadata=1
resident breakdown value=538831037 ad=293229783 factor_prepare=159243556 forward=725287236 residual=563082762
resident chord iterations=7421 refreshes=846
resident expression cache hits=6694
resident n=185 fill=885 expression=988864013 factor=1028698764 triangular=1784667291 total=5486273189
resident resources registers=106 local=0 shared=7904 dynamic=87984 nodes=892 programs=60 levels=14/27/34
resident plans=5 sparse retries=0 dense=20 terms=879 metadata=1
resident breakdown value=531136087 ad=289826574 factor_prepare=159791500 forward=724995473 residual=563262775
resident chord iterations=7406 refreshes=845
resident expression cache hits=6695
resident n=185 fill=885 expression=980560814 factor=1030185072 triangular=1785026593 total=5489964432
resident resources registers=106 local=0 shared=7904 dynamic=87984 nodes=892 programs=60 levels=14/27/34
resident plans=5 sparse retries=0 dense=20 terms=879 metadata=1
resident breakdown value=536899342 ad=290230957 factor_prepare=158897563 forward=725466666 residual=562861424
resident chord iterations=7428 refreshes=846
resident expression cache hits=6696
resident n=185 fill=885 expression=986697865 factor=1026500815 triangular=1784170685 total=5491372675
resident resources registers=106 local=0 shared=7904 dynamic=87984 nodes=892 programs=60 levels=14/27/34
resident plans=5 sparse retries=0 dense=20 terms=879 metadata=1
resident breakdown value=542899730 ad=294690986 factor_prepare=159101914 forward=725127951 residual=563478143
resident chord iterations=7432 refreshes=851
resident expression cache hits=6696
resident n=185 fill=885 expression=991011617 factor=1027914167 triangular=1783913243 total=5486163377
resident resources registers=106 local=0 shared=7904 dynamic=87984 nodes=892 programs=60 levels=14/27/34
resident plans=5 sparse retries=0 dense=20 terms=879 metadata=1
resident breakdown value=547921106 ad=295264035 factor_prepare=159233906 forward=726165442 residual=563960801
resident chord iterations=7448 refreshes=852
resident expression cache hits=6692
resident n=185 fill=885 expression=1001886228 factor=1027846804 triangular=1787076443 total=5522848225
