resident resources registers=106 local=0 shared=7904 dynamic=87984 nodes=892 programs=60 levels=14/27/34
resident plans=5 sparse retries=0 dense=19 terms=879 metadata=1
resident breakdown value=537145538 ad=289938113 factor_prepare=159301806 forward=725391266 residual=563443890
resident chord iterations=7435 refreshes=847
resident expression cache hits=6695
resident n=185 fill=885 expression=983122914 factor=1027935394 triangular=1784143299 total=5491335681
resident resources registers=106 local=0 shared=7904 dynamic=87984 nodes=892 programs=60 levels=14/27/34
resident plans=5 sparse retries=0 dense=20 terms=879 metadata=1
resident breakdown value=542354117 ad=291699301 factor_prepare=159225410 forward=725688264 residual=563171929
resident chord iterations=7421 refreshes=846
resident expression cache hits=6694
resident n=185 fill=885 expression=991761389 factor=1028654455 triangular=1785502515 total=5485669441
resident resources registers=106 local=0 shared=7904 dynamic=87984 nodes=892 programs=60 levels=14/27/34
resident plans=5 sparse retries=0 dense=20 terms=879 metadata=1
resident breakdown value=532139120 ad=291188810 factor_prepare=159401131 forward=725024557 residual=563162601
resident chord iterations=7421 refreshes=846
resident expression cache hits=6694
resident n=185 fill=885 expression=980305902 factor=1027915657 triangular=1783884970 total=5484870160
resident resources registers=106 local=0 shared=7904 dynamic=87984 nodes=892 programs=60 levels=14/27/34
resident plans=5 sparse retries=0 dense=19 terms=879 metadata=1
resident breakdown value=547720987 ad=295425307 factor_prepare=159164285 forward=725988999 residual=564012083
resident chord iterations=7435 refreshes=847
resident expression cache hits=6695
resident n=185 fill=885 expression=1003251203 factor=1027898838 triangular=1785913579 total=5517852950
